Using device: cuda
../../video_processing/frames/dhTTXwFiH1A/raw_frames
Running DepthAnythingV2 on extracted frames...
../../video_processing/frames/WjQXMa39L_Y/raw_frames
Running DepthAnythingV2 on extracted frames...
../../video_processing/frames/l56P_EolJsU/raw_frames
Running DepthAnythingV2 on extracted frames...
../../video_processing/frames/gDOMl1aJNRU/raw_frames
Running DepthAnythingV2 on extracted frames...
../../video_processing/frames/yculaWguK2Q/raw_frames
Running DepthAnythingV2 on extracted frames...
../../video_processing/frames/o3-hxzkTwrQ/raw_frames
Running DepthAnythingV2 on extracted frames...
../../video_processing/frames/IRVgEjI7CwI/raw_frames
Running DepthAnythingV2 on extracted frames...
../../video_processing/frames/zy0bYqTcEs0/raw_frames
Running DepthAnythingV2 on extracted frames...
../../video_processing/frames/Jahpq5JGcw0/raw_frames
Running DepthAnythingV2 on extracted frames...
../../video_processing/frames/eBSr_NThBsM/raw_frames
Running DepthAnythingV2 on extracted frames...
../../video_processing/frames/uNlISsZMfaw/raw_frames
Running DepthAnythingV2 on extracted frames...
../../video_processing/frames/6yRB3da_BKQ/raw_frames
Running DepthAnythingV2 on extracted frames...
../../video_processing/frames/D2uXN3uUCAc/raw_frames
Running DepthAnythingV2 on extracted frames...
../../video_processing/frames/wBTl4caU7wQ/raw_frames
Running DepthAnythingV2 on extracted frames...
../../video_processing/frames/xMKBxqHM87Q/raw_frames
Running DepthAnythingV2 on extracted frames...
../../video_processing/frames/aoBtR2wGOgg/raw_frames
../../video_processing/frames/y9sHzIMkelk/raw_frames
Running DepthAnythingV2 on extracted frames...
../../video_processing/frames/y_ZFm7NzE2w/raw_frames
Running DepthAnythingV2 on extracted frames...
../../video_processing/frames/q2WOEQb-8v8/raw_frames
Running DepthAnythingV2 on extracted frames...
../../video_processing/frames/knpPY_rOw4A/raw_frames
Running DepthAnythingV2 on extracted frames...
../../video_processing/frames/4NJGfFQYzUk/raw_frames
Running DepthAnythingV2 on extracted frames...
../../video_processing/frames/VttqOLqEZvM/raw_frames
Running DepthAnythingV2 on extracted frames...
../../video_processing/frames/56dM7tLih1U/raw_frames
Running DepthAnythingV2 on extracted frames...
../../video_processing/frames/G8arsGW0kNo/raw_frames
Running DepthAnythingV2 on extracted frames...
../../video_processing/frames/amlqth7hQw0/raw_frames
Running DepthAnythingV2 on extracted frames...
../../video_processing/frames/avywpCS4D8A/raw_frames
Running DepthAnythingV2 on extracted frames...
../../video_processing/frames/WKQENMqDdT0/raw_frames
Running DepthAnythingV2 on extracted frames...
../../video_processing/frames/Ihj_cOuXBnc/raw_frames
Running DepthAnythingV2 on extracted frames...
../../video_processing/frames/9NZC_UCPhUo/raw_frames
Running DepthAnythingV2 on extracted frames...
../../video_processing/frames/3he8yFg7YX8/raw_frames
Running DepthAnythingV2 on extracted frames...
../../video_processing/frames/QL7uFaYtrWo/raw_frames
Running DepthAnythingV2 on extracted frames...
../../video_processing/frames/o7f1qDapOe8/raw_frames
Running DepthAnythingV2 on extracted frames...
../../video_processing/frames/iM2D8tDv-Pc/raw_frames
Running DepthAnythingV2 on extracted frames...
../../video_processing/frames/3wKn_XYPNmI/raw_frames
Running DepthAnythingV2 on extracted frames...
../../video_processing/frames/fFsYHvH1YJg/raw_frames
Running DepthAnythingV2 on extracted frames...
../../video_processing/frames/oMhTKCFdWPE/raw_frames
Running DepthAnythingV2 on extracted frames...
../../video_processing/frames/Bo9MZys6_VM/raw_frames
Running DepthAnythingV2 on extracted frames...
../../video_processing/frames/dopWnJiCaR0/raw_frames
Running DepthAnythingV2 on extracted frames...
../../video_processing/frames/E54QPR1u3Ik/raw_frames
Running DepthAnythingV2 on extracted frames...
../../video_processing/frames/fiILbgOmc9Q/raw_frames
Running DepthAnythingV2 on extracted frames...
../../video_processing/frames/SgceDNDV7qM/raw_frames
Running DepthAnythingV2 on extracted frames...
../../video_processing/frames/n6K5PoZRIkQ/raw_frames
Running DepthAnythingV2 on extracted frames...
../../video_processing/frames/90XUffl_tGc/raw_frames
Running DepthAnythingV2 on extracted frames...
../../video_processing/frames/cAPSgDQQqKU/raw_frames
Running DepthAnythingV2 on extracted frames...
../../video_processing/frames/v6JigEzNARc/raw_frames
Running DepthAnythingV2 on extracted frames...
../../video_processing/frames/whtCPLuDH5I/raw_frames
Running DepthAnythingV2 on extracted frames...
../../video_processing/frames/Qln6wxS6rqQ/raw_frames
Running DepthAnythingV2 on extracted frames...
../../video_processing/frames/q-0aO51Y-3A/raw_frames
../../video_processing/frames/7GbVD4utpEs/raw_frames
Running DepthAnythingV2 on extracted frames...
../../video_processing/frames/tH2tlgTF4uY/raw_frames
../../video_processing/frames/i9tdgZvBNm0/raw_frames
Running DepthAnythingV2 on extracted frames...
../../video_processing/frames/NDNXM9kq5RI/raw_frames
Running DepthAnythingV2 on extracted frames...
../../video_processing/frames/VCsfFtjyHc4/raw_frames
Running DepthAnythingV2 on extracted frames...
../../video_processing/frames/1TIh89lIeS4/raw_frames
Running DepthAnythingV2 on extracted frames...
../../video_processing/frames/A7u7HYFuKes/raw_frames
Running DepthAnythingV2 on extracted frames...
../../video_processing/frames/p4d7tryXjd8/raw_frames
Running DepthAnythingV2 on extracted frames...
../../video_processing/frames/1JWRoLKb7bk/raw_frames
Running DepthAnythingV2 on extracted frames...
../../video_processing/frames/kgkSd-MWo5w/raw_frames
Running DepthAnythingV2 on extracted frames...
../../video_processing/frames/lBV1bB-ON_w/raw_frames
Running DepthAnythingV2 on extracted frames...
../../video_processing/frames/QR8FLc5kIfk/raw_frames
Running DepthAnythingV2 on extracted frames...
../../video_processing/frames/satMCvVd_B0/raw_frames
Running DepthAnythingV2 on extracted frames...
../../video_processing/frames/m_kXk4HQWEQ/raw_frames
Running DepthAnythingV2 on extracted frames...
../../video_processing/frames/2GfRPzIaYnk/raw_frames
Running DepthAnythingV2 on extracted frames...
../../video_processing/frames/cDwTDgn_AD4/raw_frames
Running DepthAnythingV2 on extracted frames...
../../video_processing/frames/cpI2_W680_w/raw_frames
Running DepthAnythingV2 on extracted frames...
../../video_processing/frames/6r_b9_nivgM/raw_frames
Running DepthAnythingV2 on extracted frames...
../../video_processing/frames/e7CmKcfrqzQ/raw_frames
Running DepthAnythingV2 on extracted frames...
../../video_processing/frames/-R4cPxDgVjA/raw_frames
Running DepthAnythingV2 on extracted frames...
../../video_processing/frames/oOtZD1PlFuw/raw_frames
Running DepthAnythingV2 on extracted frames...
../../video_processing/frames/nB68I_084aA/raw_frames
Running DepthAnythingV2 on extracted frames...
../../video_processing/frames/K3-ytC-_cfU/raw_frames
Running DepthAnythingV2 on extracted frames...
../../video_processing/frames/FkSUCEfqifQ/raw_frames
Running DepthAnythingV2 on extracted frames...
../../video_processing/frames/FEZgJgSj4a0/raw_frames
Running DepthAnythingV2 on extracted frames...
../../video_processing/frames/30zAWSINOgs/raw_frames
Running DepthAnythingV2 on extracted frames...
../../video_processing/frames/7Nxh8fQa0aU/raw_frames
Running DepthAnythingV2 on extracted frames...
../../video_processing/frames/qUU_OJuDx24/raw_frames
Running DepthAnythingV2 on extracted frames...
../../video_processing/frames/oNwjMD5C29A/raw_frames
Running DepthAnythingV2 on extracted frames...
../../video_processing/frames/Z-k73GyMX9k/raw_frames
Running DepthAnythingV2 on extracted frames...
../../video_processing/frames/0aN4ZuHMckU/raw_frames
Running DepthAnythingV2 on extracted frames...
../../video_processing/frames/yLy6XcKXZDU/raw_frames
Running DepthAnythingV2 on extracted frames...
../../video_processing/frames/Su8j4174OJc/raw_frames
Running DepthAnythingV2 on extracted frames...
../../video_processing/frames/f-kTAxJmGWs/raw_frames
Running DepthAnythingV2 on extracted frames...
../../video_processing/frames/3zU6ON0wQtw/raw_frames
Running DepthAnythingV2 on extracted frames...
../../video_processing/frames/_JSaI21MazM/raw_frames
Running DepthAnythingV2 on extracted frames...
../../video_processing/frames/0Ejvw0wS43Y/raw_frames
../../video_processing/frames/domxtKsKFjM/raw_frames
Running DepthAnythingV2 on extracted frames...
../../video_processing/frames/mzcl1XrqdH8/raw_frames
Running DepthAnythingV2 on extracted frames...
../../video_processing/frames/5WB1xnPjJ6A/raw_frames
Running DepthAnythingV2 on extracted frames...
../../video_processing/frames/Yz84MhMFBno/raw_frames
Running DepthAnythingV2 on extracted frames...
../../video_processing/frames/8hSuazkppu8/raw_frames
Running DepthAnythingV2 on extracted frames...
../../video_processing/frames/sZZg0vAV0Qs/raw_frames
Running DepthAnythingV2 on extracted frames...
../../video_processing/frames/DWeIRD0ylL0/raw_frames
Running DepthAnythingV2 on extracted frames...
../../video_processing/frames/tdo2sIjaY00/raw_frames
Running DepthAnythingV2 on extracted frames...
../../video_processing/frames/QL8KiVr3o8c/raw_frames
Running DepthAnythingV2 on extracted frames...
../../video_processing/frames/aTO5NR2kIRo/raw_frames
Running DepthAnythingV2 on extracted frames...
../../video_processing/frames/NzpfCOXGvH8/raw_frames
Running DepthAnythingV2 on extracted frames...
../../video_processing/frames/uW2PEns7Uz8/raw_frames
Running DepthAnythingV2 on extracted frames...
../../video_processing/frames/O33a3T992k8/raw_frames
Running DepthAnythingV2 on extracted frames...
../../video_processing/frames/mCnJgDk_xww/raw_frames
Running DepthAnythingV2 on extracted frames...
../../video_processing/frames/yCQNwTSFdxs/raw_frames
Processing completed.

