apple
Saved 246568 points to 1
apple
Saved 268324 points to 3
apple
Saved 268324 points to 5
apple
Saved 268324 points to 4

../../image_processing/vggt_images/apple/
banana
Saved 203056 points to 3
banana
Saved 224812 points to 5
banana
Saved 166796 points to 4
banana
Saved 181300 points to 1

../../image_processing/vggt_images/banana/
barns
Saved 195804 points to 1
barns
Saved 152292 points to 3
barns
Saved 152292 points to 4

../../image_processing/vggt_images/barns/
bellpepper
Saved 203056 points to 5
bellpepper
Saved 181300 points to 4
bellpepper
Saved 268324 points to 2
bellpepper
Saved 268324 points to 1

../../image_processing/vggt_images/bellpepper/
broccoli
Saved 203056 points to 1
broccoli
Saved 217560 points to 4
broccoli
Saved 166796 points to 2
broccoli
Saved 174048 points to 3

../../image_processing/vggt_images/broccoli/
cabbage
Saved 268324 points to 1
cabbage
Saved 261072 points to 3
cabbage
Saved 268324 points to 5
cabbage
Saved 203056 points to 4

../../image_processing/vggt_images/cabbage/
carrots
Saved 195804 points to 1
carrots
Saved 174048 points to 3
carrots
Saved 203056 points to 4

../../image_processing/vggt_images/carrots/
cauliflower
Saved 217560 points to 1
cauliflower
Saved 137788 points to 5
cauliflower
Saved 268324 points to 4
cauliflower
Saved 152292 points to 2

../../image_processing/vggt_images/cauliflower/
combine
Saved 152292 points to 1
combine
Saved 152292 points to 4
combine
Saved 152292 points to 3

../../image_processing/vggt_images/combine/
cucumber
Saved 195804 points to 1
cucumber
Saved 268324 points to 3
cucumber
Saved 268324 points to 5
cucumber
Saved 268324 points to 4

../../image_processing/vggt_images/cucumber/
grapes
Saved 217560 points to 3
grapes
Saved 268324 points to 4
grapes
Saved 268324 points to 2
grapes
Saved 203056 points to 1

../../image_processing/vggt_images/grapes/
kale
Saved 268324 points to 1
kale
Saved 253820 points to 5
kale
Saved 268324 points to 4
kale
Saved 268324 points to 2

../../image_processing/vggt_images/kale/
lettuce
Saved 268324 points to 1
lettuce
Saved 268324 points to 3
lettuce
Saved 268324 points to 5
lettuce
Saved 181300 points to 4

../../image_processing/vggt_images/lettuce/
mango
Saved 268324 points to 5
mango
Saved 268324 points to 4
mango
Saved 268324 points to 2
mango
Saved 203056 points to 1

../../image_processing/vggt_images/mango/
orange
Saved 203056 points to 1
orange
Saved 268324 points to 5
orange
Saved 203056 points to 4
orange
Saved 268324 points to 2

../../image_processing/vggt_images/orange/
pineapples
Saved 268324 points to 3
pineapples
Saved 268324 points to 5
pineapples
Saved 268324 points to 4
pineapples
Saved 268324 points to 2

../../image_processing/vggt_images/pineapples/
potato
Saved 268324 points to 1
potato
Saved 268324 points to 3
potato
Saved 268324 points to 5
potato
Saved 268324 points to 4

../../image_processing/vggt_images/potato/
spinach
Saved 152292 points to 1
spinach
Saved 174048 points to 3
spinach
Saved 268324 points to 5
spinach
Saved 181300 points to 4

../../image_processing/vggt_images/spinach/
strawberryfield
Saved 268324 points to 1
strawberryfield
Saved 174048 points to 5
strawberryfield
Saved 268324 points to 3
strawberryfield
Saved 181300 points to 4

../../image_processing/vggt_images/strawberryfield/
strawberryplants
Saved 268324 points to 1

../../image_processing/vggt_images/strawberryplants/
tomatoes
Saved 268324 points to 1
tomatoes
Saved 224812 points to 5
tomatoes
Saved 268324 points to 4
tomatoes
Saved 239316 points to 3

../../image_processing/vggt_images/tomatoes/
tractors
Saved 152292 points to 1
tractors
Saved 217560 points to 2

../../image_processing/vggt_images/tractors/
zucchini
Saved 152292 points to 1
zucchini
Saved 181300 points to 3
zucchini
Saved 268324 points to 5
zucchini
Saved 181300 points to 4

../../image_processing/vggt_images/zucchini/
