Beginning transcription...
Skipping HlP6Z2dBSWY...
Transcribing file: _iMMbj-BZnw.mp4
Transcribing file: Tw_dQpDPO50.mp4
Transcribing file: l3eTBlF7eyM.mp4
Transcribing file: O99DIsMmqnY.mp4
Transcribing file: cslckB6QPv8.mp4
Skipping FPfnT0E92Xc...
Transcribing file: qoAY-_wuu6E.mp4
Transcribing file: 6UpLCQDcpx8.mp4
Transcribing file: HzOKIkuuYvI.mp4
Transcribing file: acWoC3HOXdk.mp4
Skipping ewnCILrjsMQ...
Transcribing file: bprbR9YHoTA.mp4
Skipping Wa-mv3ePfkk...
Transcribing file: 2osWPUviNJQ.mp4
Transcribing file: eLU9oIYF6YE.mp4
Transcribing file: OXvuAlp_dow.mp4
Skipping phoHsw1-hy0...
Transcribing file: ehRtFEKByN0.mp4
Transcribing file: RP4Eb_0hMOs.mp4
Transcribing file: SPh5ioOBKkA.mp4
Transcribing file: JviMKb1hZ_U.mp4
Transcribing file: pgZa7nhGUeU.mp4
Transcribing file: sQWV-pAZl1A.mp4
Transcribing file: 4lo0_J5q0jE.mp4
Transcribing file: DoVGbPa0jHw.mp4
Transcribing file: w0kNLDA7_tw.mp4
Transcribing file: mkC1r6eRI_k.mp4
Transcribing file: Sf1X8vduH2Q.mp4
Skipping T6wqCJMrBkk...
Transcribing file: CaoAcHxXXQs.mp4
Transcribing file: B8JxQPs1kIc.mp4
Transcribing file: i_qUm54OUX8.mp4
Transcribing file: y9kKlXFO0mI.mp4
Transcribing file: XWp1hdrqax0.mp4
Transcribing file: 6DJnN4S3xjs.mp4
Transcribing file: LNDNZR3PboU.mp4
Transcribing file: qHj086xTyJk.mp4
Transcribing file: EMOanlcZGi8.mp4
Transcribing file: QKScMbn7Wu0.mp4
Transcribing file: EFOUiXBds50.mp4
Transcribing file: sc27Mvc0i9g.mp4
Transcribing file: jtXhgAPZy-E.mp4
Skipping izZq692gwcs...
Transcribing file: 3ctAD6M7azo.mp4
Skipping isNZtqjeLRg...
Transcribing file: p2fvZLR8DJc.mp4
Transcribing file: gJtO7d-VETE.mp4
Transcribing file: NOHLn3ejC1M.mp4
Transcribing file: I-U-rL8p_T4.mp4
Transcribing file: eurIrWZQMbI.mp4
Transcribing file: RxITZSEis4I.mp4
Transcribing file: qKAnUjZwpX4.mp4
Transcribing file: htPHQmPy3hw.mp4
Skipping 4JofAMHuDjk...
Skipping chTXyrXzmuQ...
Transcribing file: gM_WjZrHsUQ.mp4
Transcribing file: 1tgPQE5jinY.mp4
Transcribing file: KoHmbaDMg6M.mp4
Transcribing file: E7X2uZsnFsQ.mp4
Transcribing file: 5rFVNgOM11I.mp4
Transcribing file: RRmbq8dTF3k.mp4
Skipping TVNORdZFR4E...
Transcribing file: EyNLQgJopvU.mp4
Skipping TQvrZqlEjHQ...
Transcribing file: mdd2aydvGDo.mp4
Skipping l917NkEp4W0...
Transcribing file: iZobjKZkOdw.mp4
Transcribing file: YI4C_vqg8hw.mp4
Transcribing file: 5C-L-BSL2Yo.mp4
Transcribing file: NqeR6Jyh3tI.mp4
Skipping 5AMejos2WmY...
Skipping bxJiO3ZU22E...
Transcribing file: YrrfTiXhPrk.mp4
Transcribing file: uFe7KcOvVL4.mp4
Skipping RF40ePD0tkU...
Transcribing file: G7PF_7iGKwI.mp4
Transcribing file: Q0i_uDVGqtQ.mp4
Transcribing file: LLSLZKfUieI.mp4
Transcribing file: 0RJel9zgQ9k.mp4
Skipping DPkc5xD9FVw...
Transcribing file: uiN3cjt6nUc.mp4
Transcribing file: NK6l0FeKAQI.mp4
Transcribing file: 4JOhcfAUCLc.mp4
Transcribing file: A6Z6LI3Wo94.mp4
Transcribing file: Z-KPvr-xC-0.mp4
Transcribing file: mV48fnztoAI.mp4
Transcribing file: bhzQFIZuNFY.mp4
Transcribing file: pBeygsSPzu0.mp4
Transcribing file: TkbuW0_kLjU.mp4
Transcribing file: Oz8zV3FTXac.mp4
Transcribing file: q9aGglgNd0s.mp4
Transcribing file: TRzJRk-Kf0g.mp4
Transcribing file: y6_VTskGns4.mp4
Transcribing file: vchr8zQTqFE.mp4
Transcribing file: QnqizpCAs18.mp4
Transcribing file: 8-uPCmHX3U0.mp4
Transcribing file: 2iIuH1YekCo.mp4
Transcribing file: K2W07IrQlec.mp4
Transcribing file: 9qgqZJ0Gt_0.mp4
Transcribing file: CQGZ1_Fgywo.mp4
Transcribing file: oSeymAsdV2c.mp4
Transcribing file: DArDb2tCl0Y.mp4
Transcribing file: L-tgSe5rPAs.mp4
Skipping x9AL-LVlfII...
Transcribing file: OkkhXtiaTz0.mp4
Transcribing file: _GY8upFuc7w.mp4
Transcribing file: NGMOsPKB-4E.mp4
Transcribing file: gJfOireH__A.mp4
Transcribing file: VskKAlu6T2w.mp4
Transcribing file: aWIdNNKI7Nk.mp4
Skipping PGmKPK4yEYo...
Transcribing file: FYF7RSsH5d0.mp4
Transcribing file: EQ1M0_J_AwE.mp4
Transcribing file: xErDwOySWIE.mp4
Transcribing file: NEUd111eik8.mp4
Skipping -H_yOuOWTRk...
Transcribing file: q64skCC2eaU.mp4
Skipping jK4U5YVq6-k...
Skipping tRoIuNc__kg...
Skipping -__sBSuBzcA...
Skipping aqv10H3x1us...
Transcribing file: rjQoiMnb7AY.mp4
Transcribing file: CxiAGr3m-PA.mp4
Transcribing file: x-JTuH9G5kA.mp4
Transcribing file: vAAI1AojMMI.mp4
Skipping lyjM_G3qtuA...
Transcribing file: RAI_Rl8Kp60.mp4
Transcribing file: bbtLoGoZZu8.mp4
Transcribing file: 2rkmpKNKISA.mp4
Transcribing file: M26mL3-CtKk.mp4
Transcribing file: VCrUAZ9lbhg.mp4
Transcribing file: _JyyKZLfHBc.mp4
Skipping K1F-hG165g4...
Skipping NicweYnR8Ik...
Skipping OmhDRLXkqS0...
Transcribing file: sx4sspZVI_I.mp4
Skipping CM5CA-iudH4...
Transcribing file: JhJOPdiRY3k.mp4
Transcribing file: daT1Lbvd7ak.mp4
Transcribing file: IAHNsb7wNBA.mp4
Skipping p6XaKkcS014...
Transcribing file: mHovQpXP9yM.mp4
Transcribing file: fEpoqlBkNuI.mp4
Skipping EjOkgq5t8n4...
Transcribing file: yFsxQD4BfDc.mp4
Transcribing file: l7EELyHuzzY.mp4
Transcribing file: LuJJKZwFHH8.mp4
Transcribing file: CzM5IzqWcy4.mp4
Skipping mlckKspxm1o...
Transcribing file: nujhnfDZ8Zo.mp4
Transcribing file: H9EQYptoPgw.mp4
Transcribing file: y19BtUliL78.mp4
Transcribing file: AUajMmoa8yc.mp4
Skipping O_9Ha0i-WVc...
Transcribing file: BQeb1gy-foI.mp4
Skipping fDZNiU-XFrY...
Transcribing file: lFnjQhJRab0.mp4
Transcribing file: Jasl0KDj0P8.mp4
Transcribing file: oKBNVkbN_eY.mp4
Transcribing file: YY_LeQMoNTQ.mp4
Transcribing file: epczSpnVb0c.mp4
Transcribing file: HVrrCQJqthg.mp4
Transcribing file: lDn6jP7EiGA.mp4
Skipping qoJX5DBGqpE...
Transcribing file: 9aCLR0Rly28.mp4
Transcribing file: lcMnldjcX04.mp4
Skipping 57AOaNT7TMk...
Transcribing file: EzGixO8jX-s.mp4
Transcribing file: vI1I7HMIQXE.mp4
Skipping CnRzvrzphIU...
Transcribing file: fy0SUhxY0KU.mp4
Transcribing file: XOCcO5rTy-M.mp4
Transcribing file: zW3TPU56sw0.mp4
Transcribing file: STx-9k3y380.mp4
Transcribing file: -zDAa4h109Q.mp4
Skipping bSdmte2TO8U...
Skipping TXHAmmjNj5s...
Transcribing file: 1uv70NvFcII.mp4
Transcribing file: 8Ria4DYXpFw.mp4
Transcribing file: IqeSEtC5XpU.mp4
Transcribing file: za7zZIN_sq4.mp4
Transcribing file: q_oCtejihgA.mp4
Transcribing file: fzMdYD0WXYw.mp4
Transcribing file: BxYIphA6ehg.mp4
Transcribing file: UPk72G1CIt8.mp4
Transcribing file: PVvmgxUr87w.mp4
Transcribing file: o-r20qlnikU.mp4
Transcribing file: dlQjS67W3q0.mp4
Skipping 9zmqN7IGsJc...
Transcribing file: lXWGMT4oRLw.mp4
Transcribing file: IsuHbon0ukE.mp4
Transcribing file: muI1DSK2Z9s.mp4
Transcribing file: 90Lz64lQLJs.mp4
Transcribing file: Jawdm2PoZdc.mp4
Transcribing file: FrwO-aWHeQk.mp4
Skipping EdCG2Pj75jU...
Transcribing file: E0aYc4lzLUQ.mp4
Transcribing file: Ne5cXyG2rME.mp4
Skipping GS6vmCG3BxI...
Transcribing file: ifgqL1Wx34I.mp4
Skipping DFb10LxuC3g...
Transcribing file: aMeD-KQ1r8A.mp4
Transcribing file: TLRj3EIRhio.mp4
Transcribing file: Ov6cChHOoZQ.mp4
Transcribing file: WBmFH7fNxnA.mp4
Transcribing file: kbuEgfn96Ks.mp4
Transcribing file: HqdwF86UVAo.mp4
Skipping qNAFsAdmbUY...
Transcribing file: QDaMU7MzLBk.mp4
Transcribing file: R0W_u_eXoAU.mp4
Transcribing file: hLHQhgppVEU.mp4
Transcribing file: ke6BPIyBttQ.mp4
Transcribing file: _3Zk1hx8W_Q.mp4
Transcribing file: I49JFgzSQH8.mp4
Transcribing file: r0rBSvLEhm8.mp4
Skipping dZe-5ZvODZ8...
Transcribing file: XhbP5GOJNjw.mp4
Skipping 188xECrg1C8...
Transcribing file: ms6RolG_K1Q.mp4
Transcribing file: xAKnsSpZDPw.mp4
Transcribing file: _Ve6nRai5W4.mp4
Transcribing file: jRPpnI_QnSw.mp4
Skipping WH8MLYBsKx8...
Transcribing file: nHyyCMYuju8.mp4
Transcribing file: SzKz9S64Zvo.mp4
Transcribing file: u28y6T_sPbo.mp4
Transcribing file: JSsFNwKlooo.mp4
Transcribing file: eG5nJF2obIU.mp4
Transcribing file: TcWlPXO78JI.mp4
Transcribing file: jEt_120VEAM.mp4
Transcribing file: VJEpCjD14hw.mp4
Transcribing file: uybX3Z5RzyQ.mp4
Transcribing file: o_uZSCaUaQY.mp4
Transcribing file: nwzU8598URQ.mp4
Transcribing file: kigtT8vlPXA.mp4
Transcribing file: QQ9W7wa29KY.mp4
Skipping XYKSbN7L6Hg...
Transcribing file: Irm88XeVk58.mp4
Transcribing file: BZiBXl5l_xc.mp4
Transcribing file: 2c64xVIndQ8.mp4
Transcribing file: _GXFQqngY7w.mp4
Transcribing file: Mt02lx5tWcw.mp4
Transcribing file: sA0ze7hlY6k.mp4
Transcribing file: -kUNlvgytK8.mp4
Transcribing file: DwDBVfsrQXo.mp4
Transcribing file: wHfek0f-Vic.mp4
Skipping SXbhVl4wX_M...
Transcribing file: vWICFwTbftI.mp4
Transcribing file: kYKIvRBQxXU.mp4
Skipping Pju7PdCCCFU...
Transcribing file: UqmE1xWizmw.mp4
Transcribing file: -AD2AIQ8JQQ.mp4
Transcribing file: ClwBWgjSR6s.mp4
Transcribing file: L3r_cXi-5ME.mp4
Transcribing file: eHAdvcepLaY.mp4
Transcribing file: ReIwAHlHCSA.mp4
Skipping ViGdA-uB5TY...
Skipping Hhxw8h4yJxQ...
Transcribing file: vSbbZR3--Zo.mp4
Transcribing file: v0WWwDtvwAY.mp4
Transcribing file: A3IVM83WUls.mp4
Transcribing file: 2ZKtBF8Jal8.mp4
Transcribing file: b9I0nrm8LMM.mp4
Transcribing file: PotEfaOd52w.mp4
Skipping D--sJoZoNAU...
Transcribing file: asJ31vO0h1E.mp4
Transcribing file: qsqg45T8tV8.mp4
Transcribing file: PDBN3fegloI.mp4
Skipping h16rfibIXlU...
Transcribing file: 5AmqYcWjBmc.mp4
Transcribing file: hLxA4ZWD5vI.mp4
Skipping wjHfL8AJmxY...
Transcribing file: UqeUND-8mQA.mp4
Transcribing file: px__qo041FI.mp4
Transcribing file: b29XoInJa3U.mp4
Transcribing file: v_UJhzdAVS4.mp4
Transcribing file: UcIEnuBPCws.mp4
Skipping WJScYJJMYT4...
Transcribing file: EP1_wL97ybo.mp4
Transcribing file: m2Lb99hEB88.mp4
Transcribing file: QN50haIw2QQ.mp4
Transcribing file: w_x-WDdQdxI.mp4
Skipping iUC7dSiGAXQ...
Skipping CdzEiIED9t4...
Skipping DxmkzwU91Jk...
Transcribing file: 1Opp8PEYhiA.mp4
Transcribing file: 3zu8UF-dL8U.mp4
Transcribing file: 25MeIqYrVqg.mp4
Transcribing file: j4J_4mD7HM4.mp4
Transcribing file: vnqtzgNzvJs.mp4
Transcribing file: oXbyssS0EPs.mp4
Transcribing file: __kyKAegDCs.mp4
Transcribing file: C5kLbjoHiSk.mp4
Skipping 84qFCcgQnhI...
Transcribing file: TSwUzVtfm3Q.mp4
Transcribing file: y8s17yOloRs.mp4
Transcribing file: 25Pt1AZO9EM.mp4
Transcribing file: c0OyBlp8u1E.mp4
Transcribing file: C3Hmk19XqZA.mp4
Transcribing file: uQmTKq__HAg.mp4
Transcribing file: BR3rXqbjObY.mp4
Transcribing file: XvQLkXso86Q.mp4
Transcribing file: kCyJTFJLcuU.mp4
Transcribing file: w4j6K9v4T3g.mp4
Transcribing file: gUTRomHXkRw.mp4
Transcribing file: Ax3MFB4cTLo.mp4
Skipping x0NGOodeWCI...
Transcribing file: eF_kxjph7AA.mp4
Transcribing file: zcJa47T54o0.mp4
Skipping JIlvdxwRxec...
Transcribing file: HpUWku5yVGA.mp4
Transcribing file: xdjwYO5TuvY.mp4
Transcribing file: r7CnSQE8kS8.mp4
Transcribing file: MNbHHJRpiMw.mp4
Transcribing file: xSHnjDtVLxw.mp4
Transcribing file: nE7zo0Kss24.mp4
Transcribing file: FEmnP6u6uKI.mp4
Transcribing file: Z2we9vamlUs.mp4
Transcribing file: 8PJ-H8vygeI.mp4
Transcribing file: 6iCrxIfnYi4.mp4
Transcribing file: YPiZ3Ei2GH0.mp4
Transcribing file: y9Jm6vRlVfQ.mp4
Skipping ZBxlHyksDI8...
Transcribing file: I4M8GWuyGOo.mp4
Transcribing file: pQ9vSyFJInw.mp4
Skipping zqIdnPwYr0E...
Transcribing file: Hrv1Y-mXCPQ.mp4
Transcribing file: ylRIWexXB6k.mp4
Transcribing file: lYzn84EvWTc.mp4
Transcribing file: ocWY28Jat1w.mp4
Transcribing file: doRe3TRhVq4.mp4
Skipping dF3eEmzkUE4...
Transcribing file: Iu-oI915MhI.mp4
Transcribing file: Q9fEt7AcSaY.mp4
Transcribing file: U5XTDJXzJyU.mp4
Transcribing file: ENLVO4e8Yrk.mp4
Transcribing file: y33Nl7Vfyro.mp4
Transcribing file: uCLhL37P-YM.mp4
Transcribing file: 4UaG-yBIir4.mp4
Skipping xjXR3uPm7Js...
Skipping A50aPBxjl0k...
Transcribing file: CzDElUGuu_g.mp4
Skipping twiyJbn7bB0...
Transcribing file: Hu8LeItpfDc.mp4
Transcribing file: p9k0kDwLCAY.mp4
Transcribing file: oJ5VSV3sZpQ.mp4
Transcribing file: UC_kmxPWAxw.mp4
Transcribing file: 7hx_OZs69c8.mp4
Transcribing file: FXCvvqKVhf0.mp4
Transcribing file: wntJ5mMmAYg.mp4
Transcribing file: 0tyn3OEauhs.mp4
Transcribing file: fkO3EhG7v3c.mp4
Transcribing file: TRCxqruf9MY.mp4
Transcribing file: 4jlF0jNIsj4.mp4
Transcribing file: WF-_Sgl35lA.mp4
Skipping ZoEHUw-VZjo...
Transcribing file: rB5LzyjvzaA.mp4
Transcribing file: -CdRoDSiuGQ.mp4
Transcribing file: HGmGtXhETWU.mp4
Skipping w8k-N6dWTFY...
Transcribing file: pBjSvm-XXzs.mp4
Transcribing file: oW9a_SpZSvw.mp4
Transcribing file: aJyjLTZZ2Wc.mp4
Transcribing file: 9L6-GFuTArY.mp4
Transcribing file: hhE9MmXWMII.mp4
Transcribing file: c4IZ0tGZkLE.mp4
Transcribing file: azaIcRPPCno.mp4
Skipping EpKCFmPUgo0...
Transcribing file: X9eNsDQddM0.mp4
Transcribing file: 4wQeyGjXX_4.mp4
Skipping qLAhvYbPiA0...
Transcribing file: OGgHOAwbIt4.mp4
Skipping mqF9UFIVv_4...
Skipping _uAX3dWn8BU...
Transcribing file: s1ZkBmclO3Q.mp4
Skipping -KUl2ibSp4k...
Skipping ncYAM2TTs3s...
Transcribing file: eA9VOoU1WnM.mp4
Skipping Qf3a7ufPJLk...
Transcribing file: 1_z8r-sxt_M.mp4
Transcribing file: AuEIkaM9z5w.mp4
Transcribing file: lgNwZ_opVYQ.mp4
Transcribing file: O_21HaJJPEM.mp4
Skipping F9dBrlefXXw...
Transcribing file: VT4DHaUmpTI.mp4
Transcribing file: YFqEQypuPEo.mp4
Transcribing file: KwKK6HodzR8.mp4
Skipping YPqXEDMlwc0...
Transcribing file: lpIWqCpphTI.mp4
Transcribing file: OA1_7R-jJJI.mp4
Transcribing file: qlf7kslamDc.mp4
Transcribing file: a3IWbRWxd7Y.mp4
Transcribing file: mTNSFrKCeL8.mp4
Skipping TOzG_NF7m2s...
Skipping KaX412ASd30...
Skipping V606hXU4sWk...
Transcribing file: cJXM_Q8jO1o.mp4
Transcribing file: 7rU3Sabw-6U.mp4
Transcribing file: 941-V5NBrVE.mp4
Transcribing file: 0CIb2uXq4xI.mp4
Skipping wIjaCVwpGdw...
Transcribing file: jubazsDZ_mM.mp4
Transcribing file: 8-Iw3L-8O5E.mp4
Transcribing file: -4cMNMMlNDQ.mp4
Transcribing file: KuVm2F9L-aw.mp4
Transcribing file: tZ1nGKY5sLg.mp4
Transcribing file: laN67osaMaw.mp4
Transcribing file: EuPoPmvJk1M.mp4
Transcribing file: G99smWseTeQ.mp4
Transcribing file: w8XaMYX8iOk.mp4
Skipping VLFiy_0HN7c...
Transcribing file: Rqr3Aft8-bE.mp4
Transcribing file: SjBgVQL9ct4.mp4
Transcribing file: nWAPrKNrufI.mp4
Transcribing file: cgRqYh3N-V0.mp4
Skipping xDGEtkUqE6Y...
Transcribing file: YNiBvNdYdlY.mp4
Transcribing file: kRuXXuI2-uI.mp4
Transcribing file: pKF2WdIGuo8.mp4
Transcribing file: EEyCL15PATg.mp4
Transcribing file: kF-WBkh6mr0.mp4
Transcribing file: n1pF8xuoK5U.mp4
Transcribing file: nUrYC-wHwzQ.mp4
Transcribing file: bJdVwLzXxik.mp4
Transcribing file: eybn_q1XFdE.mp4
Skipping vt6EVhbuS_A...
Transcribing file: ysB_k7En588.mp4
Skipping 0_QOTqYXNi0...
Skipping s3s3c2gyy6E...
Skipping bVofjq4PDGk...
Transcribing file: obWVBOYrGr4.mp4
Transcribing file: 7YlW-RByE1w.mp4
Transcribing file: H9cHb5--a3c.mp4
Transcribing file: iS0SlCmgHks.mp4
Transcribing file: rc5RIfjyl3s.mp4
Transcribing file: yurozrTslUM.mp4
Transcribing file: JHVcKAa83uc.mp4
Transcribing file: FkkF1qarej4.mp4
Transcribing file: mN3rDTAdM2o.mp4
Skipping 3k3Q3GpsBM0...
Skipping oajWP9nW7m0...
Transcribing file: 7R4CEvq7vwk.mp4
Transcribing file: frwU_ZQPaCM.mp4
Transcribing file: Or-TmlEgLf4.mp4
Transcribing file: wuZqJm4Co7U.mp4
Skipping CDwHeuoXyt4...
Skipping ynrXsXnAfPs...
Transcribing file: WPuqf5mhs0g.mp4
Transcribing file: 5-nUUbUxY70.mp4
Transcribing file: AfAaazPPlF0.mp4
Transcribing file: 9vThi7q20os.mp4
Transcribing file: aVsejaIwD5Y.mp4
Transcribing file: 1SX49WiSMmI.mp4
Transcribing file: f2ngeOSCrZk.mp4
Skipping aTNg8lsUGXA...
Transcribing file: sc-B2wCsNiA.mp4
Transcribing file: vEoShi7ZG0I.mp4
Transcribing file: KCWKMwD7ahI.mp4
Skipping kOjaG6euzBc...
Transcribing file: JX0S3NfJIbY.mp4
Transcribing file: D0Wp0majgQ0.mp4
Transcribing file: WOcskeiBe00.mp4
Transcribing file: _MhwWnphjyg.mp4
Skipping 0o6egRYgxaE...
Transcribing file: JLBW2hSD3D0.mp4
Transcribing file: x7OKzdyRtdE.mp4
Transcribing file: Wf8oTXGPkBU.mp4
Transcribing file: hqPgTIPJYm8.mp4
Transcribing file: MM0IGTBzKJI.mp4
Skipping 5d2sZrLyavE...
Transcribing file: TJRU9vhffRQ.mp4
Transcribing file: gGgHCecPSF4.mp4
Transcribing file: 3kQLM_B59Yg.mp4
Skipping ZA1tUWb6AWI...
Transcribing file: sIskvk_-PLs.mp4
Transcribing file: qpL_LHetKgg.mp4
Transcribing file: CoHd8TiBIi4.mp4
Transcribing file: cemG9oZ36jE.mp4
Transcribing file: hV2d-JAuzaM.mp4
Transcribing file: 8K-9EBy7Tzk.mp4
Skipping GSASvZlQRHs...
Transcribing file: 3fPvbWeCWLE.mp4
Transcribing file: 6KPYWQF-YCk.mp4
Transcribing file: OVBea9oSY2w.mp4
Transcribing file: NrLKr2-iW_E.mp4
Skipping r5DHYU-jNQI...
Transcribing file: HrQlJqY47Hg.mp4
Transcribing file: HY370iJqUhQ.mp4
Transcribing file: 9XzNWrBhrHQ.mp4
Transcribing file: OAB3X_z8ql8.mp4
Skipping S-MatKB3suc...
Transcribing file: YOEgCFydDc0.mp4
Transcribing file: vK0LExu5LNo.mp4
Transcribing file: 9yVcZT0Sa0k.mp4
Transcribing file: 4LgNIo3rk4M.mp4
Transcribing file: 3Q1ulEW2SMM.mp4
Transcribing file: BQt8-t4_3M0.mp4
Transcribing file: M0jZclCrzj0.mp4

