+ cd /ocean/projects/cis240145p/byler/HumanoidRobotTrainingData/segmentation_baseline/sam1_baseline/scripts
+ module load cuda/12.4.0
++ /usr/share/lmod/lmod/libexec/lmod bash load cuda/12.4.0
+ cd /ocean/projects/cis240145p/byler/HumanoidRobotTrainingData/segmentation_baseline/sam1_baseline/scripts
+ module load cuda/12.4.0
++ /usr/share/lmod/lmod/libexec/lmod bash load cuda/12.4.0
+ eval '__LMOD_REF_COUNT_CPATH=/opt/packages/cuda/v12.4.0/include:1;' export '__LMOD_REF_COUNT_CPATH;' 'CPATH=/opt/packages/cuda/v12.4.0/include;' export 'CPATH;' 'CUDA_HOME=/opt/packages/cuda/v12.4.0;' export 'CUDA_HOME;' 'CUDA_PATH=/opt/packages/cuda/v12.4.0;' export 'CUDA_PATH;' '__LMOD_REF_COUNT_INCLUDE=/opt/packages/cuda/v12.4.0/include:1;' export '__LMOD_REF_COUNT_INCLUDE;' 'INCLUDE=/opt/packages/cuda/v12.4.0/include;' export 'INCLUDE;' '__LMOD_REF_COUNT_LD_LIBRARY_PATH=/opt/packages/cuda/v12.4.0/lib64:1\;/opt/packages/cuda/v12.4.0/nvvm/lib64:1\;/opt/packages/cuda/v12.4.0/extras/CUPTI/lib64:1;' export '__LMOD_REF_COUNT_LD_LIBRARY_PATH;' 'LD_LIBRARY_PATH=/opt/packages/cuda/v12.4.0/lib64:/opt/packages/cuda/v12.4.0/nvvm/lib64:/opt/packages/cuda/v12.4.0/extras/CUPTI/lib64;' export 'LD_LIBRARY_PATH;' '__LMOD_REF_COUNT_LIBRARY_PATH=/opt/packages/cuda/v12.4.0/lib64:1\;/opt/packages/cuda/v12.4.0/nvvm/lib64:1\;/opt/packages/cuda/v12.4.0/extras/CUPTI/lib64:1;' export '__LMOD_REF_COUNT_LIBRARY_PATH;' 'LIBRARY_PATH=/opt/packages/cuda/v12.4.0/lib64:/opt/packages/cuda/v12.4.0/nvvm/lib64:/opt/packages/cuda/v12.4.0/extras/CUPTI/lib64;' export 'LIBRARY_PATH;' '__LMOD_REF_COUNT_LOADEDMODULES=allocations/1.0:1\;psc.allocations.user/1.0:1\;cuda/12.4.0:1;' export '__LMOD_REF_COUNT_LOADEDMODULES;' 'LOADEDMODULES=allocations/1.0:psc.allocations.user/1.0:cuda/12.4.0;' export 'LOADEDMODULES;' '__LMOD_REF_COUNT_MANPATH=/opt/packages/cuda/v12.4.0/gds/man:1\;/usr/share/lmod/lmod/share/man:1\;/opt/puppetlabs/puppet/share/man:1;' export '__LMOD_REF_COUNT_MANPATH;' 'MANPATH=/opt/packages/cuda/v12.4.0/gds/man:/usr/share/lmod/lmod/share/man::/opt/puppetlabs/puppet/share/man;' export 'MANPATH;' 'MODULEPATH=/etc/scl/modulefiles:/opt/modulefiles/production:/opt/modulefiles/preproduction:/opt/modulefiles/deprecated:/usr/share/modulefiles:/usr/share/modulefiles/Linux:/usr/share/modulefiles/Core:/usr/share/lmod/lmod/modulefiles/Core;' export 'MODULEPATH;' '__LMOD_REF_COUNT_PATH=/opt/packages/cuda/v12.4.0/bin:1\;/opt/packages/cuda/v12.4.0/libnvvp:1\;/jet/home/byler/miniconda3/bin:1\;/jet/home/byler/miniconda3/condabin:1\;/jet/home/byler/.local/bin:1\;/jet/home/byler/bin:1\;/opt/packages/psc.allocations.user/bin:1\;/opt/packages/allocations/bin:1\;/usr/local/bin:1\;/usr/bin:1\;/usr/local/sbin:1\;/usr/sbin:1\;/opt/packages/interact/bin:1\;/opt/puppetlabs/bin:1;' export '__LMOD_REF_COUNT_PATH;' 'PATH=/opt/packages/cuda/v12.4.0/bin:/opt/packages/cuda/v12.4.0/libnvvp:/jet/home/byler/miniconda3/bin:/jet/home/byler/miniconda3/condabin:/jet/home/byler/.local/bin:/jet/home/byler/bin:/opt/packages/psc.allocations.user/bin:/opt/packages/allocations/bin:/usr/local/bin:/usr/bin:/usr/local/sbin:/usr/sbin:/opt/packages/interact/bin:/opt/puppetlabs/bin;' export 'PATH;' '__LMOD_REF_COUNT_PKG_CONFIG_PATH=/opt/packages/cuda/v12.4.0/lib64/pkgconfig:1;' export '__LMOD_REF_COUNT_PKG_CONFIG_PATH;' 'PKG_CONFIG_PATH=/opt/packages/cuda/v12.4.0/lib64/pkgconfig;' export 'PKG_CONFIG_PATH;' '__LMOD_REF_COUNT__LMFILES_=/opt/modulefiles/production/allocations/1.0.lua:1\;/opt/modulefiles/production/psc.allocations.user/1.0.lua:1\;/opt/modulefiles/production/cuda/12.4.0.lua:1;' export '__LMOD_REF_COUNT__LMFILES_;' '_LMFILES_=/opt/modulefiles/production/allocations/1.0.lua:/opt/modulefiles/production/psc.allocations.user/1.0.lua:/opt/modulefiles/production/cuda/12.4.0.lua;' export '_LMFILES_;' '_ModuleTable001_=X01vZHVsZVRhYmxlXz17WyJNVHZlcnNpb24iXT0zLFsiY19yZWJ1aWxkVGltZSJdPWZhbHNlLFsiY19zaG9ydFRpbWUiXT1mYWxzZSxkZXB0aFQ9e30sZmFtaWx5PXt9LG1UPXthbGxvY2F0aW9ucz17WyJmbiJdPSIvb3B0L21vZHVsZWZpbGVzL3Byb2R1Y3Rpb24vYWxsb2NhdGlvbnMvMS4wLmx1YSIsWyJmdWxsTmFtZSJdPSJhbGxvY2F0aW9ucy8xLjAiLFsibG9hZE9yZGVyIl09MSxwcm9wVD17fSxbInN0YWNrRGVwdGgiXT0wLFsic3RhdHVzIl09ImFjdGl2ZSIsWyJ1c2VyTmFtZSJdPSJhbGxvY2F0aW9ucyIsfSxjdWRhPXtbImZuIl09Ii9vcHQvbW9kdWxlZmlsZXMvcHJvZHVjdGlvbi9jdWRhLzEyLjQuMC5sdWEiLFsiZnVsbE5hbWUiXT0iY3VkYS8xMi40LjAiLFsibG9h;' export '_ModuleTable001_;' '_ModuleTable002_=ZE9yZGVyIl09Myxwcm9wVD17fSxbInN0YWNrRGVwdGgiXT0wLFsic3RhdHVzIl09ImFjdGl2ZSIsWyJ1c2VyTmFtZSJdPSJjdWRhLzEyLjQuMCIsfSxbInBzYy5hbGxvY2F0aW9ucy51c2VyIl09e1siZm4iXT0iL29wdC9tb2R1bGVmaWxlcy9wcm9kdWN0aW9uL3BzYy5hbGxvY2F0aW9ucy51c2VyLzEuMC5sdWEiLFsiZnVsbE5hbWUiXT0icHNjLmFsbG9jYXRpb25zLnVzZXIvMS4wIixbImxvYWRPcmRlciJdPTIscHJvcFQ9e30sWyJzdGFja0RlcHRoIl09MCxbInN0YXR1cyJdPSJhY3RpdmUiLFsidXNlck5hbWUiXT0icHNjLmFsbG9jYXRpb25zLnVzZXIiLH0sfSxtcGF0aEE9eyIvZXRjL3NjbC9tb2R1bGVmaWxlcyIsIi9vcHQvbW9kdWxlZmlsZXMvcHJvZHVjdGlvbiIsIi9v;' export '_ModuleTable002_;' '_ModuleTable003_=cHQvbW9kdWxlZmlsZXMvcHJlcHJvZHVjdGlvbiIsIi9vcHQvbW9kdWxlZmlsZXMvZGVwcmVjYXRlZCIsIi91c3Ivc2hhcmUvbW9kdWxlZmlsZXMiLCIvdXNyL3NoYXJlL21vZHVsZWZpbGVzL0xpbnV4IiwiL3Vzci9zaGFyZS9tb2R1bGVmaWxlcy9Db3JlIiwiL3Vzci9zaGFyZS9sbW9kL2xtb2QvbW9kdWxlZmlsZXMvQ29yZSIsfSxbInN5c3RlbUJhc2VNUEFUSCJdPSIvZXRjL3NjbC9tb2R1bGVmaWxlczovb3B0L21vZHVsZWZpbGVzL3Byb2R1Y3Rpb246L29wdC9tb2R1bGVmaWxlcy9wcmVwcm9kdWN0aW9uOi9vcHQvbW9kdWxlZmlsZXMvZGVwcmVjYXRlZDovdXNyL3NoYXJlL21vZHVsZWZpbGVzOi91c3Ivc2hhcmUvbW9kdWxlZmlsZXMvTGludXg6L3Vzci9zaGFyZS9tb2R1;' export '_ModuleTable003_;' '_ModuleTable004_=bGVmaWxlcy9Db3JlOi91c3Ivc2hhcmUvbG1vZC9sbW9kL21vZHVsZWZpbGVzL0NvcmUiLH0=;' export '_ModuleTable004_;' '_ModuleTable_Sz_=4;' export '_ModuleTable_Sz_;'
++ __LMOD_REF_COUNT_CPATH=/opt/packages/cuda/v12.4.0/include:1
++ export __LMOD_REF_COUNT_CPATH
++ CPATH=/opt/packages/cuda/v12.4.0/include
++ export CPATH
++ CUDA_HOME=/opt/packages/cuda/v12.4.0
++ export CUDA_HOME
++ CUDA_PATH=/opt/packages/cuda/v12.4.0
++ export CUDA_PATH
++ __LMOD_REF_COUNT_INCLUDE=/opt/packages/cuda/v12.4.0/include:1
++ export __LMOD_REF_COUNT_INCLUDE
++ INCLUDE=/opt/packages/cuda/v12.4.0/include
++ export INCLUDE
++ __LMOD_REF_COUNT_LD_LIBRARY_PATH='/opt/packages/cuda/v12.4.0/lib64:1;/opt/packages/cuda/v12.4.0/nvvm/lib64:1;/opt/packages/cuda/v12.4.0/extras/CUPTI/lib64:1'
++ export __LMOD_REF_COUNT_LD_LIBRARY_PATH
++ LD_LIBRARY_PATH=/opt/packages/cuda/v12.4.0/lib64:/opt/packages/cuda/v12.4.0/nvvm/lib64:/opt/packages/cuda/v12.4.0/extras/CUPTI/lib64
++ export LD_LIBRARY_PATH
++ __LMOD_REF_COUNT_LIBRARY_PATH='/opt/packages/cuda/v12.4.0/lib64:1;/opt/packages/cuda/v12.4.0/nvvm/lib64:1;/opt/packages/cuda/v12.4.0/extras/CUPTI/lib64:1'
++ export __LMOD_REF_COUNT_LIBRARY_PATH
++ LIBRARY_PATH=/opt/packages/cuda/v12.4.0/lib64:/opt/packages/cuda/v12.4.0/nvvm/lib64:/opt/packages/cuda/v12.4.0/extras/CUPTI/lib64
++ export LIBRARY_PATH
++ __LMOD_REF_COUNT_LOADEDMODULES='allocations/1.0:1;psc.allocations.user/1.0:1;cuda/12.4.0:1'
++ export __LMOD_REF_COUNT_LOADEDMODULES
++ LOADEDMODULES=allocations/1.0:psc.allocations.user/1.0:cuda/12.4.0
++ export LOADEDMODULES
++ __LMOD_REF_COUNT_MANPATH='/opt/packages/cuda/v12.4.0/gds/man:1;/usr/share/lmod/lmod/share/man:1;/opt/puppetlabs/puppet/share/man:1'
++ export __LMOD_REF_COUNT_MANPATH
++ MANPATH=/opt/packages/cuda/v12.4.0/gds/man:/usr/share/lmod/lmod/share/man::/opt/puppetlabs/puppet/share/man
++ export MANPATH
++ MODULEPATH=/etc/scl/modulefiles:/opt/modulefiles/production:/opt/modulefiles/preproduction:/opt/modulefiles/deprecated:/usr/share/modulefiles:/usr/share/modulefiles/Linux:/usr/share/modulefiles/Core:/usr/share/lmod/lmod/modulefiles/Core
++ export MODULEPATH
++ __LMOD_REF_COUNT_PATH='/opt/packages/cuda/v12.4.0/bin:1;/opt/packages/cuda/v12.4.0/libnvvp:1;/jet/home/byler/miniconda3/bin:1;/jet/home/byler/miniconda3/condabin:1;/jet/home/byler/.local/bin:1;/jet/home/byler/bin:1;/opt/packages/psc.allocations.user/bin:1;/opt/packages/allocations/bin:1;/usr/local/bin:1;/usr/bin:1;/usr/local/sbin:1;/usr/sbin:1;/opt/packages/interact/bin:1;/opt/puppetlabs/bin:1'
++ export __LMOD_REF_COUNT_PATH
++ PATH=/opt/packages/cuda/v12.4.0/bin:/opt/packages/cuda/v12.4.0/libnvvp:/jet/home/byler/miniconda3/bin:/jet/home/byler/miniconda3/condabin:/jet/home/byler/.local/bin:/jet/home/byler/bin:/opt/packages/psc.allocations.user/bin:/opt/packages/allocations/bin:/usr/local/bin:/usr/bin:/usr/local/sbin:/usr/sbin:/opt/packages/interact/bin:/opt/puppetlabs/bin
++ export PATH
++ __LMOD_REF_COUNT_PKG_CONFIG_PATH=/opt/packages/cuda/v12.4.0/lib64/pkgconfig:1
++ export __LMOD_REF_COUNT_PKG_CONFIG_PATH
++ PKG_CONFIG_PATH=/opt/packages/cuda/v12.4.0/lib64/pkgconfig
++ export PKG_CONFIG_PATH
++ __LMOD_REF_COUNT__LMFILES_='/opt/modulefiles/production/allocations/1.0.lua:1;/opt/modulefiles/production/psc.allocations.user/1.0.lua:1;/opt/modulefiles/production/cuda/12.4.0.lua:1'
++ export __LMOD_REF_COUNT__LMFILES_
++ _LMFILES_=/opt/modulefiles/production/allocations/1.0.lua:/opt/modulefiles/production/psc.allocations.user/1.0.lua:/opt/modulefiles/production/cuda/12.4.0.lua
++ export _LMFILES_
++ _ModuleTable001_=X01vZHVsZVRhYmxlXz17WyJNVHZlcnNpb24iXT0zLFsiY19yZWJ1aWxkVGltZSJdPWZhbHNlLFsiY19zaG9ydFRpbWUiXT1mYWxzZSxkZXB0aFQ9e30sZmFtaWx5PXt9LG1UPXthbGxvY2F0aW9ucz17WyJmbiJdPSIvb3B0L21vZHVsZWZpbGVzL3Byb2R1Y3Rpb24vYWxsb2NhdGlvbnMvMS4wLmx1YSIsWyJmdWxsTmFtZSJdPSJhbGxvY2F0aW9ucy8xLjAiLFsibG9hZE9yZGVyIl09MSxwcm9wVD17fSxbInN0YWNrRGVwdGgiXT0wLFsic3RhdHVzIl09ImFjdGl2ZSIsWyJ1c2VyTmFtZSJdPSJhbGxvY2F0aW9ucyIsfSxjdWRhPXtbImZuIl09Ii9vcHQvbW9kdWxlZmlsZXMvcHJvZHVjdGlvbi9jdWRhLzEyLjQuMC5sdWEiLFsiZnVsbE5hbWUiXT0iY3VkYS8xMi40LjAiLFsibG9h
++ export _ModuleTable001_
++ _ModuleTable002_=ZE9yZGVyIl09Myxwcm9wVD17fSxbInN0YWNrRGVwdGgiXT0wLFsic3RhdHVzIl09ImFjdGl2ZSIsWyJ1c2VyTmFtZSJdPSJjdWRhLzEyLjQuMCIsfSxbInBzYy5hbGxvY2F0aW9ucy51c2VyIl09e1siZm4iXT0iL29wdC9tb2R1bGVmaWxlcy9wcm9kdWN0aW9uL3BzYy5hbGxvY2F0aW9ucy51c2VyLzEuMC5sdWEiLFsiZnVsbE5hbWUiXT0icHNjLmFsbG9jYXRpb25zLnVzZXIvMS4wIixbImxvYWRPcmRlciJdPTIscHJvcFQ9e30sWyJzdGFja0RlcHRoIl09MCxbInN0YXR1cyJdPSJhY3RpdmUiLFsidXNlck5hbWUiXT0icHNjLmFsbG9jYXRpb25zLnVzZXIiLH0sfSxtcGF0aEE9eyIvZXRjL3NjbC9tb2R1bGVmaWxlcyIsIi9vcHQvbW9kdWxlZmlsZXMvcHJvZHVjdGlvbiIsIi9v
++ export _ModuleTable002_
++ _ModuleTable003_=cHQvbW9kdWxlZmlsZXMvcHJlcHJvZHVjdGlvbiIsIi9vcHQvbW9kdWxlZmlsZXMvZGVwcmVjYXRlZCIsIi91c3Ivc2hhcmUvbW9kdWxlZmlsZXMiLCIvdXNyL3NoYXJlL21vZHVsZWZpbGVzL0xpbnV4IiwiL3Vzci9zaGFyZS9tb2R1bGVmaWxlcy9Db3JlIiwiL3Vzci9zaGFyZS9sbW9kL2xtb2QvbW9kdWxlZmlsZXMvQ29yZSIsfSxbInN5c3RlbUJhc2VNUEFUSCJdPSIvZXRjL3NjbC9tb2R1bGVmaWxlczovb3B0L21vZHVsZWZpbGVzL3Byb2R1Y3Rpb246L29wdC9tb2R1bGVmaWxlcy9wcmVwcm9kdWN0aW9uOi9vcHQvbW9kdWxlZmlsZXMvZGVwcmVjYXRlZDovdXNyL3NoYXJlL21vZHVsZWZpbGVzOi91c3Ivc2hhcmUvbW9kdWxlZmlsZXMvTGludXg6L3Vzci9zaGFyZS9tb2R1
++ export _ModuleTable003_
++ _ModuleTable004_=bGVmaWxlcy9Db3JlOi91c3Ivc2hhcmUvbG1vZC9sbW9kL21vZHVsZWZpbGVzL0NvcmUiLH0=
++ export _ModuleTable004_
++ _ModuleTable_Sz_=4
++ export _ModuleTable_Sz_
++ : -s sh
+ eval
+ ret=0
+ /usr/share/lmod/8.2.7/libexec/log_modules load cuda/12.4.0
+ return 0
+ module load gcc/13.2.1-p20240113
++ /usr/share/lmod/lmod/libexec/lmod bash load gcc/13.2.1-p20240113
+ eval '__LMOD_REF_COUNT_CPATH=/opt/packages/cuda/v12.4.0/include:1;' export '__LMOD_REF_COUNT_CPATH;' 'CPATH=/opt/packages/cuda/v12.4.0/include;' export 'CPATH;' 'CUDA_HOME=/opt/packages/cuda/v12.4.0;' export 'CUDA_HOME;' 'CUDA_PATH=/opt/packages/cuda/v12.4.0;' export 'CUDA_PATH;' '__LMOD_REF_COUNT_INCLUDE=/opt/packages/cuda/v12.4.0/include:1;' export '__LMOD_REF_COUNT_INCLUDE;' 'INCLUDE=/opt/packages/cuda/v12.4.0/include;' export 'INCLUDE;' '__LMOD_REF_COUNT_LD_LIBRARY_PATH=/opt/packages/cuda/v12.4.0/lib64:1\;/opt/packages/cuda/v12.4.0/nvvm/lib64:1\;/opt/packages/cuda/v12.4.0/extras/CUPTI/lib64:1;' export '__LMOD_REF_COUNT_LD_LIBRARY_PATH;' 'LD_LIBRARY_PATH=/opt/packages/cuda/v12.4.0/lib64:/opt/packages/cuda/v12.4.0/nvvm/lib64:/opt/packages/cuda/v12.4.0/extras/CUPTI/lib64;' export 'LD_LIBRARY_PATH;' '__LMOD_REF_COUNT_LIBRARY_PATH=/opt/packages/cuda/v12.4.0/lib64:1\;/opt/packages/cuda/v12.4.0/nvvm/lib64:1\;/opt/packages/cuda/v12.4.0/extras/CUPTI/lib64:1;' export '__LMOD_REF_COUNT_LIBRARY_PATH;' 'LIBRARY_PATH=/opt/packages/cuda/v12.4.0/lib64:/opt/packages/cuda/v12.4.0/nvvm/lib64:/opt/packages/cuda/v12.4.0/extras/CUPTI/lib64;' export 'LIBRARY_PATH;' '__LMOD_REF_COUNT_LOADEDMODULES=allocations/1.0:1\;psc.allocations.user/1.0:1\;cuda/12.4.0:1;' export '__LMOD_REF_COUNT_LOADEDMODULES;' 'LOADEDMODULES=allocations/1.0:psc.allocations.user/1.0:cuda/12.4.0;' export 'LOADEDMODULES;' '__LMOD_REF_COUNT_MANPATH=/opt/packages/cuda/v12.4.0/gds/man:1\;/usr/share/lmod/lmod/share/man:1\;/opt/puppetlabs/puppet/share/man:1;' export '__LMOD_REF_COUNT_MANPATH;' 'MANPATH=/opt/packages/cuda/v12.4.0/gds/man:/usr/share/lmod/lmod/share/man::/opt/puppetlabs/puppet/share/man;' export 'MANPATH;' 'MODULEPATH=/etc/scl/modulefiles:/opt/modulefiles/production:/opt/modulefiles/preproduction:/opt/modulefiles/deprecated:/usr/share/modulefiles:/usr/share/modulefiles/Linux:/usr/share/modulefiles/Core:/usr/share/lmod/lmod/modulefiles/Core;' export 'MODULEPATH;' '__LMOD_REF_COUNT_PATH=/opt/packages/cuda/v12.4.0/bin:1\;/opt/packages/cuda/v12.4.0/libnvvp:1\;/jet/home/byler/miniconda3/bin:1\;/jet/home/byler/miniconda3/condabin:1\;/jet/home/byler/.local/bin:1\;/jet/home/byler/bin:1\;/opt/packages/psc.allocations.user/bin:1\;/opt/packages/allocations/bin:1\;/usr/local/bin:1\;/usr/bin:1\;/usr/local/sbin:1\;/usr/sbin:1\;/opt/packages/interact/bin:1\;/opt/puppetlabs/bin:1;' export '__LMOD_REF_COUNT_PATH;' 'PATH=/opt/packages/cuda/v12.4.0/bin:/opt/packages/cuda/v12.4.0/libnvvp:/jet/home/byler/miniconda3/bin:/jet/home/byler/miniconda3/condabin:/jet/home/byler/.local/bin:/jet/home/byler/bin:/opt/packages/psc.allocations.user/bin:/opt/packages/allocations/bin:/usr/local/bin:/usr/bin:/usr/local/sbin:/usr/sbin:/opt/packages/interact/bin:/opt/puppetlabs/bin;' export 'PATH;' '__LMOD_REF_COUNT_PKG_CONFIG_PATH=/opt/packages/cuda/v12.4.0/lib64/pkgconfig:1;' export '__LMOD_REF_COUNT_PKG_CONFIG_PATH;' 'PKG_CONFIG_PATH=/opt/packages/cuda/v12.4.0/lib64/pkgconfig;' export 'PKG_CONFIG_PATH;' '__LMOD_REF_COUNT__LMFILES_=/opt/modulefiles/production/allocations/1.0.lua:1\;/opt/modulefiles/production/psc.allocations.user/1.0.lua:1\;/opt/modulefiles/production/cuda/12.4.0.lua:1;' export '__LMOD_REF_COUNT__LMFILES_;' '_LMFILES_=/opt/modulefiles/production/allocations/1.0.lua:/opt/modulefiles/production/psc.allocations.user/1.0.lua:/opt/modulefiles/production/cuda/12.4.0.lua;' export '_LMFILES_;' '_ModuleTable001_=X01vZHVsZVRhYmxlXz17WyJNVHZlcnNpb24iXT0zLFsiY19yZWJ1aWxkVGltZSJdPWZhbHNlLFsiY19zaG9ydFRpbWUiXT1mYWxzZSxkZXB0aFQ9e30sZmFtaWx5PXt9LG1UPXthbGxvY2F0aW9ucz17WyJmbiJdPSIvb3B0L21vZHVsZWZpbGVzL3Byb2R1Y3Rpb24vYWxsb2NhdGlvbnMvMS4wLmx1YSIsWyJmdWxsTmFtZSJdPSJhbGxvY2F0aW9ucy8xLjAiLFsibG9hZE9yZGVyIl09MSxwcm9wVD17fSxbInN0YWNrRGVwdGgiXT0wLFsic3RhdHVzIl09ImFjdGl2ZSIsWyJ1c2VyTmFtZSJdPSJhbGxvY2F0aW9ucyIsfSxjdWRhPXtbImZuIl09Ii9vcHQvbW9kdWxlZmlsZXMvcHJvZHVjdGlvbi9jdWRhLzEyLjQuMC5sdWEiLFsiZnVsbE5hbWUiXT0iY3VkYS8xMi40LjAiLFsibG9h;' export '_ModuleTable001_;' '_ModuleTable002_=ZE9yZGVyIl09Myxwcm9wVD17fSxbInN0YWNrRGVwdGgiXT0wLFsic3RhdHVzIl09ImFjdGl2ZSIsWyJ1c2VyTmFtZSJdPSJjdWRhLzEyLjQuMCIsfSxbInBzYy5hbGxvY2F0aW9ucy51c2VyIl09e1siZm4iXT0iL29wdC9tb2R1bGVmaWxlcy9wcm9kdWN0aW9uL3BzYy5hbGxvY2F0aW9ucy51c2VyLzEuMC5sdWEiLFsiZnVsbE5hbWUiXT0icHNjLmFsbG9jYXRpb25zLnVzZXIvMS4wIixbImxvYWRPcmRlciJdPTIscHJvcFQ9e30sWyJzdGFja0RlcHRoIl09MCxbInN0YXR1cyJdPSJhY3RpdmUiLFsidXNlck5hbWUiXT0icHNjLmFsbG9jYXRpb25zLnVzZXIiLH0sfSxtcGF0aEE9eyIvZXRjL3NjbC9tb2R1bGVmaWxlcyIsIi9vcHQvbW9kdWxlZmlsZXMvcHJvZHVjdGlvbiIsIi9v;' export '_ModuleTable002_;' '_ModuleTable003_=cHQvbW9kdWxlZmlsZXMvcHJlcHJvZHVjdGlvbiIsIi9vcHQvbW9kdWxlZmlsZXMvZGVwcmVjYXRlZCIsIi91c3Ivc2hhcmUvbW9kdWxlZmlsZXMiLCIvdXNyL3NoYXJlL21vZHVsZWZpbGVzL0xpbnV4IiwiL3Vzci9zaGFyZS9tb2R1bGVmaWxlcy9Db3JlIiwiL3Vzci9zaGFyZS9sbW9kL2xtb2QvbW9kdWxlZmlsZXMvQ29yZSIsfSxbInN5c3RlbUJhc2VNUEFUSCJdPSIvZXRjL3NjbC9tb2R1bGVmaWxlczovb3B0L21vZHVsZWZpbGVzL3Byb2R1Y3Rpb246L29wdC9tb2R1bGVmaWxlcy9wcmVwcm9kdWN0aW9uOi9vcHQvbW9kdWxlZmlsZXMvZGVwcmVjYXRlZDovdXNyL3NoYXJlL21vZHVsZWZpbGVzOi91c3Ivc2hhcmUvbW9kdWxlZmlsZXMvTGludXg6L3Vzci9zaGFyZS9tb2R1;' export '_ModuleTable003_;' '_ModuleTable004_=bGVmaWxlcy9Db3JlOi91c3Ivc2hhcmUvbG1vZC9sbW9kL21vZHVsZWZpbGVzL0NvcmUiLH0=;' export '_ModuleTable004_;' '_ModuleTable_Sz_=4;' export '_ModuleTable_Sz_;'
++ __LMOD_REF_COUNT_CPATH=/opt/packages/cuda/v12.4.0/include:1
++ export __LMOD_REF_COUNT_CPATH
++ CPATH=/opt/packages/cuda/v12.4.0/include
++ export CPATH
++ CUDA_HOME=/opt/packages/cuda/v12.4.0
++ export CUDA_HOME
++ CUDA_PATH=/opt/packages/cuda/v12.4.0
++ export CUDA_PATH
++ __LMOD_REF_COUNT_INCLUDE=/opt/packages/cuda/v12.4.0/include:1
++ export __LMOD_REF_COUNT_INCLUDE
++ INCLUDE=/opt/packages/cuda/v12.4.0/include
++ export INCLUDE
++ __LMOD_REF_COUNT_LD_LIBRARY_PATH='/opt/packages/cuda/v12.4.0/lib64:1;/opt/packages/cuda/v12.4.0/nvvm/lib64:1;/opt/packages/cuda/v12.4.0/extras/CUPTI/lib64:1'
++ export __LMOD_REF_COUNT_LD_LIBRARY_PATH
++ LD_LIBRARY_PATH=/opt/packages/cuda/v12.4.0/lib64:/opt/packages/cuda/v12.4.0/nvvm/lib64:/opt/packages/cuda/v12.4.0/extras/CUPTI/lib64
++ export LD_LIBRARY_PATH
++ __LMOD_REF_COUNT_LIBRARY_PATH='/opt/packages/cuda/v12.4.0/lib64:1;/opt/packages/cuda/v12.4.0/nvvm/lib64:1;/opt/packages/cuda/v12.4.0/extras/CUPTI/lib64:1'
++ export __LMOD_REF_COUNT_LIBRARY_PATH
++ LIBRARY_PATH=/opt/packages/cuda/v12.4.0/lib64:/opt/packages/cuda/v12.4.0/nvvm/lib64:/opt/packages/cuda/v12.4.0/extras/CUPTI/lib64
++ export LIBRARY_PATH
++ __LMOD_REF_COUNT_LOADEDMODULES='allocations/1.0:1;psc.allocations.user/1.0:1;cuda/12.4.0:1'
++ export __LMOD_REF_COUNT_LOADEDMODULES
++ LOADEDMODULES=allocations/1.0:psc.allocations.user/1.0:cuda/12.4.0
++ export LOADEDMODULES
++ __LMOD_REF_COUNT_MANPATH='/opt/packages/cuda/v12.4.0/gds/man:1;/usr/share/lmod/lmod/share/man:1;/opt/puppetlabs/puppet/share/man:1'
++ export __LMOD_REF_COUNT_MANPATH
++ MANPATH=/opt/packages/cuda/v12.4.0/gds/man:/usr/share/lmod/lmod/share/man::/opt/puppetlabs/puppet/share/man
++ export MANPATH
++ MODULEPATH=/etc/scl/modulefiles:/opt/modulefiles/production:/opt/modulefiles/preproduction:/opt/modulefiles/deprecated:/usr/share/modulefiles:/usr/share/modulefiles/Linux:/usr/share/modulefiles/Core:/usr/share/lmod/lmod/modulefiles/Core
++ export MODULEPATH
++ __LMOD_REF_COUNT_PATH='/opt/packages/cuda/v12.4.0/bin:1;/opt/packages/cuda/v12.4.0/libnvvp:1;/jet/home/byler/miniconda3/bin:1;/jet/home/byler/miniconda3/condabin:1;/jet/home/byler/.local/bin:1;/jet/home/byler/bin:1;/opt/packages/psc.allocations.user/bin:1;/opt/packages/allocations/bin:1;/usr/local/bin:1;/usr/bin:1;/usr/local/sbin:1;/usr/sbin:1;/opt/packages/interact/bin:1;/opt/puppetlabs/bin:1'
++ export __LMOD_REF_COUNT_PATH
++ PATH=/opt/packages/cuda/v12.4.0/bin:/opt/packages/cuda/v12.4.0/libnvvp:/jet/home/byler/miniconda3/bin:/jet/home/byler/miniconda3/condabin:/jet/home/byler/.local/bin:/jet/home/byler/bin:/opt/packages/psc.allocations.user/bin:/opt/packages/allocations/bin:/usr/local/bin:/usr/bin:/usr/local/sbin:/usr/sbin:/opt/packages/interact/bin:/opt/puppetlabs/bin
++ export PATH
++ __LMOD_REF_COUNT_PKG_CONFIG_PATH=/opt/packages/cuda/v12.4.0/lib64/pkgconfig:1
++ export __LMOD_REF_COUNT_PKG_CONFIG_PATH
++ PKG_CONFIG_PATH=/opt/packages/cuda/v12.4.0/lib64/pkgconfig
++ export PKG_CONFIG_PATH
++ __LMOD_REF_COUNT__LMFILES_='/opt/modulefiles/production/allocations/1.0.lua:1;/opt/modulefiles/production/psc.allocations.user/1.0.lua:1;/opt/modulefiles/production/cuda/12.4.0.lua:1'
++ export __LMOD_REF_COUNT__LMFILES_
++ _LMFILES_=/opt/modulefiles/production/allocations/1.0.lua:/opt/modulefiles/production/psc.allocations.user/1.0.lua:/opt/modulefiles/production/cuda/12.4.0.lua
++ export _LMFILES_
++ _ModuleTable001_=X01vZHVsZVRhYmxlXz17WyJNVHZlcnNpb24iXT0zLFsiY19yZWJ1aWxkVGltZSJdPWZhbHNlLFsiY19zaG9ydFRpbWUiXT1mYWxzZSxkZXB0aFQ9e30sZmFtaWx5PXt9LG1UPXthbGxvY2F0aW9ucz17WyJmbiJdPSIvb3B0L21vZHVsZWZpbGVzL3Byb2R1Y3Rpb24vYWxsb2NhdGlvbnMvMS4wLmx1YSIsWyJmdWxsTmFtZSJdPSJhbGxvY2F0aW9ucy8xLjAiLFsibG9hZE9yZGVyIl09MSxwcm9wVD17fSxbInN0YWNrRGVwdGgiXT0wLFsic3RhdHVzIl09ImFjdGl2ZSIsWyJ1c2VyTmFtZSJdPSJhbGxvY2F0aW9ucyIsfSxjdWRhPXtbImZuIl09Ii9vcHQvbW9kdWxlZmlsZXMvcHJvZHVjdGlvbi9jdWRhLzEyLjQuMC5sdWEiLFsiZnVsbE5hbWUiXT0iY3VkYS8xMi40LjAiLFsibG9h
++ export _ModuleTable001_
++ _ModuleTable002_=ZE9yZGVyIl09Myxwcm9wVD17fSxbInN0YWNrRGVwdGgiXT0wLFsic3RhdHVzIl09ImFjdGl2ZSIsWyJ1c2VyTmFtZSJdPSJjdWRhLzEyLjQuMCIsfSxbInBzYy5hbGxvY2F0aW9ucy51c2VyIl09e1siZm4iXT0iL29wdC9tb2R1bGVmaWxlcy9wcm9kdWN0aW9uL3BzYy5hbGxvY2F0aW9ucy51c2VyLzEuMC5sdWEiLFsiZnVsbE5hbWUiXT0icHNjLmFsbG9jYXRpb25zLnVzZXIvMS4wIixbImxvYWRPcmRlciJdPTIscHJvcFQ9e30sWyJzdGFja0RlcHRoIl09MCxbInN0YXR1cyJdPSJhY3RpdmUiLFsidXNlck5hbWUiXT0icHNjLmFsbG9jYXRpb25zLnVzZXIiLH0sfSxtcGF0aEE9eyIvZXRjL3NjbC9tb2R1bGVmaWxlcyIsIi9vcHQvbW9kdWxlZmlsZXMvcHJvZHVjdGlvbiIsIi9v
++ export _ModuleTable002_
++ _ModuleTable003_=cHQvbW9kdWxlZmlsZXMvcHJlcHJvZHVjdGlvbiIsIi9vcHQvbW9kdWxlZmlsZXMvZGVwcmVjYXRlZCIsIi91c3Ivc2hhcmUvbW9kdWxlZmlsZXMiLCIvdXNyL3NoYXJlL21vZHVsZWZpbGVzL0xpbnV4IiwiL3Vzci9zaGFyZS9tb2R1bGVmaWxlcy9Db3JlIiwiL3Vzci9zaGFyZS9sbW9kL2xtb2QvbW9kdWxlZmlsZXMvQ29yZSIsfSxbInN5c3RlbUJhc2VNUEFUSCJdPSIvZXRjL3NjbC9tb2R1bGVmaWxlczovb3B0L21vZHVsZWZpbGVzL3Byb2R1Y3Rpb246L29wdC9tb2R1bGVmaWxlcy9wcmVwcm9kdWN0aW9uOi9vcHQvbW9kdWxlZmlsZXMvZGVwcmVjYXRlZDovdXNyL3NoYXJlL21vZHVsZWZpbGVzOi91c3Ivc2hhcmUvbW9kdWxlZmlsZXMvTGludXg6L3Vzci9zaGFyZS9tb2R1
++ export _ModuleTable003_
++ _ModuleTable004_=bGVmaWxlcy9Db3JlOi91c3Ivc2hhcmUvbG1vZC9sbW9kL21vZHVsZWZpbGVzL0NvcmUiLH0=
++ export _ModuleTable004_
++ _ModuleTable_Sz_=4
++ export _ModuleTable_Sz_
++ : -s sh
+ eval
+ ret=0
+ /usr/share/lmod/8.2.7/libexec/log_modules load cuda/12.4.0
+ return 0
+ module load gcc/13.2.1-p20240113
++ /usr/share/lmod/lmod/libexec/lmod bash load gcc/13.2.1-p20240113
+ eval 'CC=gcc;' export 'CC;' '__LMOD_REF_COUNT_CMAKE_PREFIX_PATH=/opt/packages/gcc/v13.2.1-p20240113/b1gpu:1;' export '__LMOD_REF_COUNT_CMAKE_PREFIX_PATH;' 'CMAKE_PREFIX_PATH=/opt/packages/gcc/v13.2.1-p20240113/b1gpu;' export 'CMAKE_PREFIX_PATH;' '__LMOD_REF_COUNT_CPATH=/opt/packages/gcc/v13.2.1-p20240113/b1gpu/include:1\;/opt/packages/cuda/v12.4.0/include:1;' export '__LMOD_REF_COUNT_CPATH;' 'CPATH=/opt/packages/gcc/v13.2.1-p20240113/b1gpu/include:/opt/packages/cuda/v12.4.0/include;' export 'CPATH;' 'CXX=g++;' export 'CXX;' '__LMOD_Priority_EMACSLOADPATH=\' ':100;' export '__LMOD_Priority_EMACSLOADPATH;' '__LMOD_REF_COUNT_EMACSLOADPATH=/opt/packages/gcc/v13.2.1-p20240113/b1gpu/share/emacs/site-lisp:1;' export '__LMOD_REF_COUNT_EMACSLOADPATH;' 'EMACSLOADPATH=/opt/packages/gcc/v13.2.1-p20240113/b1gpu/share/emacs/site-lisp::;' export 'EMACSLOADPATH;' 'F77=gfortran;' export 'F77;' 'FC=gfortran;' export 'FC;' '__LMOD_REF_COUNT_INCLUDE=/opt/packages/gcc/v13.2.1-p20240113/b1gpu/include:1\;/opt/packages/cuda/v12.4.0/include:1;' export '__LMOD_REF_COUNT_INCLUDE;' 'INCLUDE=/opt/packages/gcc/v13.2.1-p20240113/b1gpu/include:/opt/packages/cuda/v12.4.0/include;' export 'INCLUDE;' '__LMOD_REF_COUNT_INFOPATH=/opt/packages/gcc/v13.2.1-p20240113/b1gpu/share/info:1;' export '__LMOD_REF_COUNT_INFOPATH;' 'INFOPATH=/opt/packages/gcc/v13.2.1-p20240113/b1gpu/share/info;' export 'INFOPATH;' '__LMOD_REF_COUNT_LD_LIBRARY_PATH=/opt/packages/gcc/v13.2.1-p20240113/b1gpu/lib64:1\;/opt/packages/cuda/v12.4.0/lib64:1\;/opt/packages/cuda/v12.4.0/nvvm/lib64:1\;/opt/packages/cuda/v12.4.0/extras/CUPTI/lib64:1;' export '__LMOD_REF_COUNT_LD_LIBRARY_PATH;' 'LD_LIBRARY_PATH=/opt/packages/gcc/v13.2.1-p20240113/b1gpu/lib64:/opt/packages/cuda/v12.4.0/lib64:/opt/packages/cuda/v12.4.0/nvvm/lib64:/opt/packages/cuda/v12.4.0/extras/CUPTI/lib64;' export 'LD_LIBRARY_PATH;' '__LMOD_REF_COUNT_LIBRARY_PATH=/opt/packages/gcc/v13.2.1-p20240113/b1gpu/lib64:1\;/opt/packages/cuda/v12.4.0/lib64:1\;/opt/packages/cuda/v12.4.0/nvvm/lib64:1\;/opt/packages/cuda/v12.4.0/extras/CUPTI/lib64:1;' export '__LMOD_REF_COUNT_LIBRARY_PATH;' 'LIBRARY_PATH=/opt/packages/gcc/v13.2.1-p20240113/b1gpu/lib64:/opt/packages/cuda/v12.4.0/lib64:/opt/packages/cuda/v12.4.0/nvvm/lib64:/opt/packages/cuda/v12.4.0/extras/CUPTI/lib64;' export 'LIBRARY_PATH;' '__LMOD_REF_COUNT_LOADEDMODULES=allocations/1.0:1\;psc.allocations.user/1.0:1\;cuda/12.4.0:1\;gcc/13.2.1-p20240113:1;' export '__LMOD_REF_COUNT_LOADEDMODULES;' 'LOADEDMODULES=allocations/1.0:psc.allocations.user/1.0:cuda/12.4.0:gcc/13.2.1-p20240113;' export 'LOADEDMODULES;' '__LMOD_REF_COUNT_LOCPATH=/opt/packages/gcc/v13.2.1-p20240113/b1gpu/share/locale:1;' export '__LMOD_REF_COUNT_LOCPATH;' 'LOCPATH=/opt/packages/gcc/v13.2.1-p20240113/b1gpu/share/locale;' export 'LOCPATH;' '__LMOD_REF_COUNT_MANPATH=/opt/packages/gcc/v13.2.1-p20240113/b1gpu/share/man:1\;/opt/packages/cuda/v12.4.0/gds/man:1\;/usr/share/lmod/lmod/share/man:1\;/opt/puppetlabs/puppet/share/man:1;' export '__LMOD_REF_COUNT_MANPATH;' 'MANPATH=/opt/packages/gcc/v13.2.1-p20240113/b1gpu/share/man:/opt/packages/cuda/v12.4.0/gds/man:/usr/share/lmod/lmod/share/man::/opt/puppetlabs/puppet/share/man;' export 'MANPATH;' 'MODULEPATH=/etc/scl/modulefiles:/opt/modulefiles/production:/opt/modulefiles/preproduction:/opt/modulefiles/deprecated:/usr/share/modulefiles:/usr/share/modulefiles/Linux:/usr/share/modulefiles/Core:/usr/share/lmod/lmod/modulefiles/Core;' export 'MODULEPATH;' '__LMOD_REF_COUNT_PATH=/opt/packages/gcc/v13.2.1-p20240113/b1gpu/bin:1\;/opt/packages/cuda/v12.4.0/bin:1\;/opt/packages/cuda/v12.4.0/libnvvp:1\;/jet/home/byler/miniconda3/bin:1\;/jet/home/byler/miniconda3/condabin:1\;/jet/home/byler/.local/bin:1\;/jet/home/byler/bin:1\;/opt/packages/psc.allocations.user/bin:1\;/opt/packages/allocations/bin:1\;/usr/local/bin:1\;/usr/bin:1\;/usr/local/sbin:1\;/usr/sbin:1\;/opt/packages/interact/bin:1\;/opt/puppetlabs/bin:1;' export '__LMOD_REF_COUNT_PATH;' 'PATH=/opt/packages/gcc/v13.2.1-p20240113/b1gpu/bin:/opt/packages/cuda/v12.4.0/bin:/opt/packages/cuda/v12.4.0/libnvvp:/jet/home/byler/miniconda3/bin:/jet/home/byler/miniconda3/condabin:/jet/home/byler/.local/bin:/jet/home/byler/bin:/opt/packages/psc.allocations.user/bin:/opt/packages/allocations/bin:/usr/local/bin:/usr/bin:/usr/local/sbin:/usr/sbin:/opt/packages/interact/bin:/opt/puppetlabs/bin;' export 'PATH;' '__LMOD_REF_COUNT_PKG_CONFIG_PATH=/opt/packages/gcc/v13.2.1-p20240113/b1gpu/lib64/pkgconfig:1\;/opt/packages/cuda/v12.4.0/lib64/pkgconfig:1;' export '__LMOD_REF_COUNT_PKG_CONFIG_PATH;' 'PKG_CONFIG_PATH=/opt/packages/gcc/v13.2.1-p20240113/b1gpu/lib64/pkgconfig:/opt/packages/cuda/v12.4.0/lib64/pkgconfig;' export 'PKG_CONFIG_PATH;' '__LMOD_REF_COUNT_PYTHONPATH=/opt/packages/gcc/v13.2.1-p20240113/b1gpu/share/gcc-13.2.1/python:1;' export '__LMOD_REF_COUNT_PYTHONPATH;' 'PYTHONPATH=/opt/packages/gcc/v13.2.1-p20240113/b1gpu/share/gcc-13.2.1/python;' export 'PYTHONPATH;' '__LMOD_REF_COUNT__LMFILES_=/opt/modulefiles/production/allocations/1.0.lua:1\;/opt/modulefiles/production/psc.allocations.user/1.0.lua:1\;/opt/modulefiles/production/cuda/12.4.0.lua:1\;/opt/modulefiles/production/gcc/13.2.1-p20240113.lua:1;' export '__LMOD_REF_COUNT__LMFILES_;' '_LMFILES_=/opt/modulefiles/production/allocations/1.0.lua:/opt/modulefiles/production/psc.allocations.user/1.0.lua:/opt/modulefiles/production/cuda/12.4.0.lua:/opt/modulefiles/production/gcc/13.2.1-p20240113.lua;' export '_LMFILES_;' '_ModuleTable001_=X01vZHVsZVRhYmxlXz17WyJNVHZlcnNpb24iXT0zLFsiY19yZWJ1aWxkVGltZSJdPWZhbHNlLFsiY19zaG9ydFRpbWUiXT1mYWxzZSxkZXB0aFQ9e30sZmFtaWx5PXt9LG1UPXthbGxvY2F0aW9ucz17WyJmbiJdPSIvb3B0L21vZHVsZWZpbGVzL3Byb2R1Y3Rpb24vYWxsb2NhdGlvbnMvMS4wLmx1YSIsWyJmdWxsTmFtZSJdPSJhbGxvY2F0aW9ucy8xLjAiLFsibG9hZE9yZGVyIl09MSxwcm9wVD17fSxbInN0YWNrRGVwdGgiXT0wLFsic3RhdHVzIl09ImFjdGl2ZSIsWyJ1c2VyTmFtZSJdPSJhbGxvY2F0aW9ucyIsfSxjdWRhPXtbImZuIl09Ii9vcHQvbW9kdWxlZmlsZXMvcHJvZHVjdGlvbi9jdWRhLzEyLjQuMC5sdWEiLFsiZnVsbE5hbWUiXT0iY3VkYS8xMi40LjAiLFsibG9h;' export '_ModuleTable001_;' '_ModuleTable002_=ZE9yZGVyIl09Myxwcm9wVD17fSxbInN0YWNrRGVwdGgiXT0wLFsic3RhdHVzIl09ImFjdGl2ZSIsWyJ1c2VyTmFtZSJdPSJjdWRhLzEyLjQuMCIsfSxnY2M9e1siZm4iXT0iL29wdC9tb2R1bGVmaWxlcy9wcm9kdWN0aW9uL2djYy8xMy4yLjEtcDIwMjQwMTEzLmx1YSIsWyJmdWxsTmFtZSJdPSJnY2MvMTMuMi4xLXAyMDI0MDExMyIsWyJsb2FkT3JkZXIiXT00LHByb3BUPXt9LFsic3RhY2tEZXB0aCJdPTAsWyJzdGF0dXMiXT0iYWN0aXZlIixbInVzZXJOYW1lIl09ImdjYy8xMy4yLjEtcDIwMjQwMTEzIix9LFsicHNjLmFsbG9jYXRpb25zLnVzZXIiXT17WyJmbiJdPSIvb3B0L21vZHVsZWZpbGVzL3Byb2R1Y3Rpb24vcHNjLmFsbG9jYXRpb25zLnVzZXIvMS4wLmx1YSIsWyJm;' export '_ModuleTable002_;' '_ModuleTable003_=dWxsTmFtZSJdPSJwc2MuYWxsb2NhdGlvbnMudXNlci8xLjAiLFsibG9hZE9yZGVyIl09Mixwcm9wVD17fSxbInN0YWNrRGVwdGgiXT0wLFsic3RhdHVzIl09ImFjdGl2ZSIsWyJ1c2VyTmFtZSJdPSJwc2MuYWxsb2NhdGlvbnMudXNlciIsfSx9LG1wYXRoQT17Ii9ldGMvc2NsL21vZHVsZWZpbGVzIiwiL29wdC9tb2R1bGVmaWxlcy9wcm9kdWN0aW9uIiwiL29wdC9tb2R1bGVmaWxlcy9wcmVwcm9kdWN0aW9uIiwiL29wdC9tb2R1bGVmaWxlcy9kZXByZWNhdGVkIiwiL3Vzci9zaGFyZS9tb2R1bGVmaWxlcyIsIi91c3Ivc2hhcmUvbW9kdWxlZmlsZXMvTGludXgiLCIvdXNyL3NoYXJlL21vZHVsZWZpbGVzL0NvcmUiLCIvdXNyL3NoYXJlL2xtb2QvbG1vZC9tb2R1bGVmaWxlcy9D;' export '_ModuleTable003_;' '_ModuleTable004_=b3JlIix9LFsic3lzdGVtQmFzZU1QQVRIIl09Ii9ldGMvc2NsL21vZHVsZWZpbGVzOi9vcHQvbW9kdWxlZmlsZXMvcHJvZHVjdGlvbjovb3B0L21vZHVsZWZpbGVzL3ByZXByb2R1Y3Rpb246L29wdC9tb2R1bGVmaWxlcy9kZXByZWNhdGVkOi91c3Ivc2hhcmUvbW9kdWxlZmlsZXM6L3Vzci9zaGFyZS9tb2R1bGVmaWxlcy9MaW51eDovdXNyL3NoYXJlL21vZHVsZWZpbGVzL0NvcmU6L3Vzci9zaGFyZS9sbW9kL2xtb2QvbW9kdWxlZmlsZXMvQ29yZSIsfQ==;' export '_ModuleTable004_;' '_ModuleTable_Sz_=4;' export '_ModuleTable_Sz_;'
++ CC=gcc
++ export CC
++ __LMOD_REF_COUNT_CMAKE_PREFIX_PATH=/opt/packages/gcc/v13.2.1-p20240113/b1gpu:1
++ export __LMOD_REF_COUNT_CMAKE_PREFIX_PATH
++ CMAKE_PREFIX_PATH=/opt/packages/gcc/v13.2.1-p20240113/b1gpu
++ export CMAKE_PREFIX_PATH
++ __LMOD_REF_COUNT_CPATH='/opt/packages/gcc/v13.2.1-p20240113/b1gpu/include:1;/opt/packages/cuda/v12.4.0/include:1'
++ export __LMOD_REF_COUNT_CPATH
++ CPATH=/opt/packages/gcc/v13.2.1-p20240113/b1gpu/include:/opt/packages/cuda/v12.4.0/include
++ export CPATH
++ CXX=g++
++ export CXX
++ __LMOD_Priority_EMACSLOADPATH=' :100'
++ export __LMOD_Priority_EMACSLOADPATH
++ __LMOD_REF_COUNT_EMACSLOADPATH=/opt/packages/gcc/v13.2.1-p20240113/b1gpu/share/emacs/site-lisp:1
++ export __LMOD_REF_COUNT_EMACSLOADPATH
++ EMACSLOADPATH=/opt/packages/gcc/v13.2.1-p20240113/b1gpu/share/emacs/site-lisp::
++ export EMACSLOADPATH
++ F77=gfortran
++ export F77
++ FC=gfortran
++ export FC
++ __LMOD_REF_COUNT_INCLUDE='/opt/packages/gcc/v13.2.1-p20240113/b1gpu/include:1;/opt/packages/cuda/v12.4.0/include:1'
++ export __LMOD_REF_COUNT_INCLUDE
++ INCLUDE=/opt/packages/gcc/v13.2.1-p20240113/b1gpu/include:/opt/packages/cuda/v12.4.0/include
++ export INCLUDE
++ __LMOD_REF_COUNT_INFOPATH=/opt/packages/gcc/v13.2.1-p20240113/b1gpu/share/info:1
++ export __LMOD_REF_COUNT_INFOPATH
++ INFOPATH=/opt/packages/gcc/v13.2.1-p20240113/b1gpu/share/info
++ export INFOPATH
++ __LMOD_REF_COUNT_LD_LIBRARY_PATH='/opt/packages/gcc/v13.2.1-p20240113/b1gpu/lib64:1;/opt/packages/cuda/v12.4.0/lib64:1;/opt/packages/cuda/v12.4.0/nvvm/lib64:1;/opt/packages/cuda/v12.4.0/extras/CUPTI/lib64:1'
++ export __LMOD_REF_COUNT_LD_LIBRARY_PATH
++ LD_LIBRARY_PATH=/opt/packages/gcc/v13.2.1-p20240113/b1gpu/lib64:/opt/packages/cuda/v12.4.0/lib64:/opt/packages/cuda/v12.4.0/nvvm/lib64:/opt/packages/cuda/v12.4.0/extras/CUPTI/lib64
++ export LD_LIBRARY_PATH
++ __LMOD_REF_COUNT_LIBRARY_PATH='/opt/packages/gcc/v13.2.1-p20240113/b1gpu/lib64:1;/opt/packages/cuda/v12.4.0/lib64:1;/opt/packages/cuda/v12.4.0/nvvm/lib64:1;/opt/packages/cuda/v12.4.0/extras/CUPTI/lib64:1'
++ export __LMOD_REF_COUNT_LIBRARY_PATH
++ LIBRARY_PATH=/opt/packages/gcc/v13.2.1-p20240113/b1gpu/lib64:/opt/packages/cuda/v12.4.0/lib64:/opt/packages/cuda/v12.4.0/nvvm/lib64:/opt/packages/cuda/v12.4.0/extras/CUPTI/lib64
++ export LIBRARY_PATH
++ __LMOD_REF_COUNT_LOADEDMODULES='allocations/1.0:1;psc.allocations.user/1.0:1;cuda/12.4.0:1;gcc/13.2.1-p20240113:1'
++ export __LMOD_REF_COUNT_LOADEDMODULES
++ LOADEDMODULES=allocations/1.0:psc.allocations.user/1.0:cuda/12.4.0:gcc/13.2.1-p20240113
++ export LOADEDMODULES
++ __LMOD_REF_COUNT_LOCPATH=/opt/packages/gcc/v13.2.1-p20240113/b1gpu/share/locale:1
++ export __LMOD_REF_COUNT_LOCPATH
++ LOCPATH=/opt/packages/gcc/v13.2.1-p20240113/b1gpu/share/locale
++ export LOCPATH
++ __LMOD_REF_COUNT_MANPATH='/opt/packages/gcc/v13.2.1-p20240113/b1gpu/share/man:1;/opt/packages/cuda/v12.4.0/gds/man:1;/usr/share/lmod/lmod/share/man:1;/opt/puppetlabs/puppet/share/man:1'
++ export __LMOD_REF_COUNT_MANPATH
++ MANPATH=/opt/packages/gcc/v13.2.1-p20240113/b1gpu/share/man:/opt/packages/cuda/v12.4.0/gds/man:/usr/share/lmod/lmod/share/man::/opt/puppetlabs/puppet/share/man
++ export MANPATH
++ MODULEPATH=/etc/scl/modulefiles:/opt/modulefiles/production:/opt/modulefiles/preproduction:/opt/modulefiles/deprecated:/usr/share/modulefiles:/usr/share/modulefiles/Linux:/usr/share/modulefiles/Core:/usr/share/lmod/lmod/modulefiles/Core
++ export MODULEPATH
++ __LMOD_REF_COUNT_PATH='/opt/packages/gcc/v13.2.1-p20240113/b1gpu/bin:1;/opt/packages/cuda/v12.4.0/bin:1;/opt/packages/cuda/v12.4.0/libnvvp:1;/jet/home/byler/miniconda3/bin:1;/jet/home/byler/miniconda3/condabin:1;/jet/home/byler/.local/bin:1;/jet/home/byler/bin:1;/opt/packages/psc.allocations.user/bin:1;/opt/packages/allocations/bin:1;/usr/local/bin:1;/usr/bin:1;/usr/local/sbin:1;/usr/sbin:1;/opt/packages/interact/bin:1;/opt/puppetlabs/bin:1'
++ export __LMOD_REF_COUNT_PATH
++ PATH=/opt/packages/gcc/v13.2.1-p20240113/b1gpu/bin:/opt/packages/cuda/v12.4.0/bin:/opt/packages/cuda/v12.4.0/libnvvp:/jet/home/byler/miniconda3/bin:/jet/home/byler/miniconda3/condabin:/jet/home/byler/.local/bin:/jet/home/byler/bin:/opt/packages/psc.allocations.user/bin:/opt/packages/allocations/bin:/usr/local/bin:/usr/bin:/usr/local/sbin:/usr/sbin:/opt/packages/interact/bin:/opt/puppetlabs/bin
++ export PATH
++ __LMOD_REF_COUNT_PKG_CONFIG_PATH='/opt/packages/gcc/v13.2.1-p20240113/b1gpu/lib64/pkgconfig:1;/opt/packages/cuda/v12.4.0/lib64/pkgconfig:1'
++ export __LMOD_REF_COUNT_PKG_CONFIG_PATH
++ PKG_CONFIG_PATH=/opt/packages/gcc/v13.2.1-p20240113/b1gpu/lib64/pkgconfig:/opt/packages/cuda/v12.4.0/lib64/pkgconfig
++ export PKG_CONFIG_PATH
++ __LMOD_REF_COUNT_PYTHONPATH=/opt/packages/gcc/v13.2.1-p20240113/b1gpu/share/gcc-13.2.1/python:1
++ export __LMOD_REF_COUNT_PYTHONPATH
++ PYTHONPATH=/opt/packages/gcc/v13.2.1-p20240113/b1gpu/share/gcc-13.2.1/python
++ export PYTHONPATH
++ __LMOD_REF_COUNT__LMFILES_='/opt/modulefiles/production/allocations/1.0.lua:1;/opt/modulefiles/production/psc.allocations.user/1.0.lua:1;/opt/modulefiles/production/cuda/12.4.0.lua:1;/opt/modulefiles/production/gcc/13.2.1-p20240113.lua:1'
++ export __LMOD_REF_COUNT__LMFILES_
++ _LMFILES_=/opt/modulefiles/production/allocations/1.0.lua:/opt/modulefiles/production/psc.allocations.user/1.0.lua:/opt/modulefiles/production/cuda/12.4.0.lua:/opt/modulefiles/production/gcc/13.2.1-p20240113.lua
++ export _LMFILES_
++ _ModuleTable001_=X01vZHVsZVRhYmxlXz17WyJNVHZlcnNpb24iXT0zLFsiY19yZWJ1aWxkVGltZSJdPWZhbHNlLFsiY19zaG9ydFRpbWUiXT1mYWxzZSxkZXB0aFQ9e30sZmFtaWx5PXt9LG1UPXthbGxvY2F0aW9ucz17WyJmbiJdPSIvb3B0L21vZHVsZWZpbGVzL3Byb2R1Y3Rpb24vYWxsb2NhdGlvbnMvMS4wLmx1YSIsWyJmdWxsTmFtZSJdPSJhbGxvY2F0aW9ucy8xLjAiLFsibG9hZE9yZGVyIl09MSxwcm9wVD17fSxbInN0YWNrRGVwdGgiXT0wLFsic3RhdHVzIl09ImFjdGl2ZSIsWyJ1c2VyTmFtZSJdPSJhbGxvY2F0aW9ucyIsfSxjdWRhPXtbImZuIl09Ii9vcHQvbW9kdWxlZmlsZXMvcHJvZHVjdGlvbi9jdWRhLzEyLjQuMC5sdWEiLFsiZnVsbE5hbWUiXT0iY3VkYS8xMi40LjAiLFsibG9h
++ export _ModuleTable001_
++ _ModuleTable002_=ZE9yZGVyIl09Myxwcm9wVD17fSxbInN0YWNrRGVwdGgiXT0wLFsic3RhdHVzIl09ImFjdGl2ZSIsWyJ1c2VyTmFtZSJdPSJjdWRhLzEyLjQuMCIsfSxnY2M9e1siZm4iXT0iL29wdC9tb2R1bGVmaWxlcy9wcm9kdWN0aW9uL2djYy8xMy4yLjEtcDIwMjQwMTEzLmx1YSIsWyJmdWxsTmFtZSJdPSJnY2MvMTMuMi4xLXAyMDI0MDExMyIsWyJsb2FkT3JkZXIiXT00LHByb3BUPXt9LFsic3RhY2tEZXB0aCJdPTAsWyJzdGF0dXMiXT0iYWN0aXZlIixbInVzZXJOYW1lIl09ImdjYy8xMy4yLjEtcDIwMjQwMTEzIix9LFsicHNjLmFsbG9jYXRpb25zLnVzZXIiXT17WyJmbiJdPSIvb3B0L21vZHVsZWZpbGVzL3Byb2R1Y3Rpb24vcHNjLmFsbG9jYXRpb25zLnVzZXIvMS4wLmx1YSIsWyJm
++ export _ModuleTable002_
++ _ModuleTable003_=dWxsTmFtZSJdPSJwc2MuYWxsb2NhdGlvbnMudXNlci8xLjAiLFsibG9hZE9yZGVyIl09Mixwcm9wVD17fSxbInN0YWNrRGVwdGgiXT0wLFsic3RhdHVzIl09ImFjdGl2ZSIsWyJ1c2VyTmFtZSJdPSJwc2MuYWxsb2NhdGlvbnMudXNlciIsfSx9LG1wYXRoQT17Ii9ldGMvc2NsL21vZHVsZWZpbGVzIiwiL29wdC9tb2R1bGVmaWxlcy9wcm9kdWN0aW9uIiwiL29wdC9tb2R1bGVmaWxlcy9wcmVwcm9kdWN0aW9uIiwiL29wdC9tb2R1bGVmaWxlcy9kZXByZWNhdGVkIiwiL3Vzci9zaGFyZS9tb2R1bGVmaWxlcyIsIi91c3Ivc2hhcmUvbW9kdWxlZmlsZXMvTGludXgiLCIvdXNyL3NoYXJlL21vZHVsZWZpbGVzL0NvcmUiLCIvdXNyL3NoYXJlL2xtb2QvbG1vZC9tb2R1bGVmaWxlcy9D
++ export _ModuleTable003_
++ _ModuleTable004_=b3JlIix9LFsic3lzdGVtQmFzZU1QQVRIIl09Ii9ldGMvc2NsL21vZHVsZWZpbGVzOi9vcHQvbW9kdWxlZmlsZXMvcHJvZHVjdGlvbjovb3B0L21vZHVsZWZpbGVzL3ByZXByb2R1Y3Rpb246L29wdC9tb2R1bGVmaWxlcy9kZXByZWNhdGVkOi91c3Ivc2hhcmUvbW9kdWxlZmlsZXM6L3Vzci9zaGFyZS9tb2R1bGVmaWxlcy9MaW51eDovdXNyL3NoYXJlL21vZHVsZWZpbGVzL0NvcmU6L3Vzci9zaGFyZS9sbW9kL2xtb2QvbW9kdWxlZmlsZXMvQ29yZSIsfQ==
++ export _ModuleTable004_
++ _ModuleTable_Sz_=4
++ export _ModuleTable_Sz_
++ : -s sh
+ eval
+ ret=0
+ /usr/share/lmod/8.2.7/libexec/log_modules load gcc/13.2.1-p20240113
+ return 0
+ echo 'Generating segmentations...'
+ conda run -n sam python segment.py --start 900 --end 1000
+ local cmd=run
+ case "$cmd" in
+ __conda_exe run -n sam python segment.py --start 900 --end 1000
+ '[' -n '' ']'
+ /jet/home/byler/miniconda3/bin/conda run -n sam python segment.py --start 900 --end 1000
+ eval 'CC=gcc;' export 'CC;' '__LMOD_REF_COUNT_CMAKE_PREFIX_PATH=/opt/packages/gcc/v13.2.1-p20240113/b1gpu:1;' export '__LMOD_REF_COUNT_CMAKE_PREFIX_PATH;' 'CMAKE_PREFIX_PATH=/opt/packages/gcc/v13.2.1-p20240113/b1gpu;' export 'CMAKE_PREFIX_PATH;' '__LMOD_REF_COUNT_CPATH=/opt/packages/gcc/v13.2.1-p20240113/b1gpu/include:1\;/opt/packages/cuda/v12.4.0/include:1;' export '__LMOD_REF_COUNT_CPATH;' 'CPATH=/opt/packages/gcc/v13.2.1-p20240113/b1gpu/include:/opt/packages/cuda/v12.4.0/include;' export 'CPATH;' 'CXX=g++;' export 'CXX;' '__LMOD_Priority_EMACSLOADPATH=\' ':100;' export '__LMOD_Priority_EMACSLOADPATH;' '__LMOD_REF_COUNT_EMACSLOADPATH=/opt/packages/gcc/v13.2.1-p20240113/b1gpu/share/emacs/site-lisp:1;' export '__LMOD_REF_COUNT_EMACSLOADPATH;' 'EMACSLOADPATH=/opt/packages/gcc/v13.2.1-p20240113/b1gpu/share/emacs/site-lisp::;' export 'EMACSLOADPATH;' 'F77=gfortran;' export 'F77;' 'FC=gfortran;' export 'FC;' '__LMOD_REF_COUNT_INCLUDE=/opt/packages/gcc/v13.2.1-p20240113/b1gpu/include:1\;/opt/packages/cuda/v12.4.0/include:1;' export '__LMOD_REF_COUNT_INCLUDE;' 'INCLUDE=/opt/packages/gcc/v13.2.1-p20240113/b1gpu/include:/opt/packages/cuda/v12.4.0/include;' export 'INCLUDE;' '__LMOD_REF_COUNT_INFOPATH=/opt/packages/gcc/v13.2.1-p20240113/b1gpu/share/info:1;' export '__LMOD_REF_COUNT_INFOPATH;' 'INFOPATH=/opt/packages/gcc/v13.2.1-p20240113/b1gpu/share/info;' export 'INFOPATH;' '__LMOD_REF_COUNT_LD_LIBRARY_PATH=/opt/packages/gcc/v13.2.1-p20240113/b1gpu/lib64:1\;/opt/packages/cuda/v12.4.0/lib64:1\;/opt/packages/cuda/v12.4.0/nvvm/lib64:1\;/opt/packages/cuda/v12.4.0/extras/CUPTI/lib64:1;' export '__LMOD_REF_COUNT_LD_LIBRARY_PATH;' 'LD_LIBRARY_PATH=/opt/packages/gcc/v13.2.1-p20240113/b1gpu/lib64:/opt/packages/cuda/v12.4.0/lib64:/opt/packages/cuda/v12.4.0/nvvm/lib64:/opt/packages/cuda/v12.4.0/extras/CUPTI/lib64;' export 'LD_LIBRARY_PATH;' '__LMOD_REF_COUNT_LIBRARY_PATH=/opt/packages/gcc/v13.2.1-p20240113/b1gpu/lib64:1\;/opt/packages/cuda/v12.4.0/lib64:1\;/opt/packages/cuda/v12.4.0/nvvm/lib64:1\;/opt/packages/cuda/v12.4.0/extras/CUPTI/lib64:1;' export '__LMOD_REF_COUNT_LIBRARY_PATH;' 'LIBRARY_PATH=/opt/packages/gcc/v13.2.1-p20240113/b1gpu/lib64:/opt/packages/cuda/v12.4.0/lib64:/opt/packages/cuda/v12.4.0/nvvm/lib64:/opt/packages/cuda/v12.4.0/extras/CUPTI/lib64;' export 'LIBRARY_PATH;' '__LMOD_REF_COUNT_LOADEDMODULES=allocations/1.0:1\;psc.allocations.user/1.0:1\;cuda/12.4.0:1\;gcc/13.2.1-p20240113:1;' export '__LMOD_REF_COUNT_LOADEDMODULES;' 'LOADEDMODULES=allocations/1.0:psc.allocations.user/1.0:cuda/12.4.0:gcc/13.2.1-p20240113;' export 'LOADEDMODULES;' '__LMOD_REF_COUNT_LOCPATH=/opt/packages/gcc/v13.2.1-p20240113/b1gpu/share/locale:1;' export '__LMOD_REF_COUNT_LOCPATH;' 'LOCPATH=/opt/packages/gcc/v13.2.1-p20240113/b1gpu/share/locale;' export 'LOCPATH;' '__LMOD_REF_COUNT_MANPATH=/opt/packages/gcc/v13.2.1-p20240113/b1gpu/share/man:1\;/opt/packages/cuda/v12.4.0/gds/man:1\;/usr/share/lmod/lmod/share/man:1\;/opt/puppetlabs/puppet/share/man:1;' export '__LMOD_REF_COUNT_MANPATH;' 'MANPATH=/opt/packages/gcc/v13.2.1-p20240113/b1gpu/share/man:/opt/packages/cuda/v12.4.0/gds/man:/usr/share/lmod/lmod/share/man::/opt/puppetlabs/puppet/share/man;' export 'MANPATH;' 'MODULEPATH=/etc/scl/modulefiles:/opt/modulefiles/production:/opt/modulefiles/preproduction:/opt/modulefiles/deprecated:/usr/share/modulefiles:/usr/share/modulefiles/Linux:/usr/share/modulefiles/Core:/usr/share/lmod/lmod/modulefiles/Core;' export 'MODULEPATH;' '__LMOD_REF_COUNT_PATH=/opt/packages/gcc/v13.2.1-p20240113/b1gpu/bin:1\;/opt/packages/cuda/v12.4.0/bin:1\;/opt/packages/cuda/v12.4.0/libnvvp:1\;/jet/home/byler/miniconda3/bin:1\;/jet/home/byler/miniconda3/condabin:1\;/jet/home/byler/.local/bin:1\;/jet/home/byler/bin:1\;/opt/packages/psc.allocations.user/bin:1\;/opt/packages/allocations/bin:1\;/usr/local/bin:1\;/usr/bin:1\;/usr/local/sbin:1\;/usr/sbin:1\;/opt/packages/interact/bin:1\;/opt/puppetlabs/bin:1;' export '__LMOD_REF_COUNT_PATH;' 'PATH=/opt/packages/gcc/v13.2.1-p20240113/b1gpu/bin:/opt/packages/cuda/v12.4.0/bin:/opt/packages/cuda/v12.4.0/libnvvp:/jet/home/byler/miniconda3/bin:/jet/home/byler/miniconda3/condabin:/jet/home/byler/.local/bin:/jet/home/byler/bin:/opt/packages/psc.allocations.user/bin:/opt/packages/allocations/bin:/usr/local/bin:/usr/bin:/usr/local/sbin:/usr/sbin:/opt/packages/interact/bin:/opt/puppetlabs/bin;' export 'PATH;' '__LMOD_REF_COUNT_PKG_CONFIG_PATH=/opt/packages/gcc/v13.2.1-p20240113/b1gpu/lib64/pkgconfig:1\;/opt/packages/cuda/v12.4.0/lib64/pkgconfig:1;' export '__LMOD_REF_COUNT_PKG_CONFIG_PATH;' 'PKG_CONFIG_PATH=/opt/packages/gcc/v13.2.1-p20240113/b1gpu/lib64/pkgconfig:/opt/packages/cuda/v12.4.0/lib64/pkgconfig;' export 'PKG_CONFIG_PATH;' '__LMOD_REF_COUNT_PYTHONPATH=/opt/packages/gcc/v13.2.1-p20240113/b1gpu/share/gcc-13.2.1/python:1;' export '__LMOD_REF_COUNT_PYTHONPATH;' 'PYTHONPATH=/opt/packages/gcc/v13.2.1-p20240113/b1gpu/share/gcc-13.2.1/python;' export 'PYTHONPATH;' '__LMOD_REF_COUNT__LMFILES_=/opt/modulefiles/production/allocations/1.0.lua:1\;/opt/modulefiles/production/psc.allocations.user/1.0.lua:1\;/opt/modulefiles/production/cuda/12.4.0.lua:1\;/opt/modulefiles/production/gcc/13.2.1-p20240113.lua:1;' export '__LMOD_REF_COUNT__LMFILES_;' '_LMFILES_=/opt/modulefiles/production/allocations/1.0.lua:/opt/modulefiles/production/psc.allocations.user/1.0.lua:/opt/modulefiles/production/cuda/12.4.0.lua:/opt/modulefiles/production/gcc/13.2.1-p20240113.lua;' export '_LMFILES_;' '_ModuleTable001_=X01vZHVsZVRhYmxlXz17WyJNVHZlcnNpb24iXT0zLFsiY19yZWJ1aWxkVGltZSJdPWZhbHNlLFsiY19zaG9ydFRpbWUiXT1mYWxzZSxkZXB0aFQ9e30sZmFtaWx5PXt9LG1UPXthbGxvY2F0aW9ucz17WyJmbiJdPSIvb3B0L21vZHVsZWZpbGVzL3Byb2R1Y3Rpb24vYWxsb2NhdGlvbnMvMS4wLmx1YSIsWyJmdWxsTmFtZSJdPSJhbGxvY2F0aW9ucy8xLjAiLFsibG9hZE9yZGVyIl09MSxwcm9wVD17fSxbInN0YWNrRGVwdGgiXT0wLFsic3RhdHVzIl09ImFjdGl2ZSIsWyJ1c2VyTmFtZSJdPSJhbGxvY2F0aW9ucyIsfSxjdWRhPXtbImZuIl09Ii9vcHQvbW9kdWxlZmlsZXMvcHJvZHVjdGlvbi9jdWRhLzEyLjQuMC5sdWEiLFsiZnVsbE5hbWUiXT0iY3VkYS8xMi40LjAiLFsibG9h;' export '_ModuleTable001_;' '_ModuleTable002_=ZE9yZGVyIl09Myxwcm9wVD17fSxbInN0YWNrRGVwdGgiXT0wLFsic3RhdHVzIl09ImFjdGl2ZSIsWyJ1c2VyTmFtZSJdPSJjdWRhLzEyLjQuMCIsfSxnY2M9e1siZm4iXT0iL29wdC9tb2R1bGVmaWxlcy9wcm9kdWN0aW9uL2djYy8xMy4yLjEtcDIwMjQwMTEzLmx1YSIsWyJmdWxsTmFtZSJdPSJnY2MvMTMuMi4xLXAyMDI0MDExMyIsWyJsb2FkT3JkZXIiXT00LHByb3BUPXt9LFsic3RhY2tEZXB0aCJdPTAsWyJzdGF0dXMiXT0iYWN0aXZlIixbInVzZXJOYW1lIl09ImdjYy8xMy4yLjEtcDIwMjQwMTEzIix9LFsicHNjLmFsbG9jYXRpb25zLnVzZXIiXT17WyJmbiJdPSIvb3B0L21vZHVsZWZpbGVzL3Byb2R1Y3Rpb24vcHNjLmFsbG9jYXRpb25zLnVzZXIvMS4wLmx1YSIsWyJm;' export '_ModuleTable002_;' '_ModuleTable003_=dWxsTmFtZSJdPSJwc2MuYWxsb2NhdGlvbnMudXNlci8xLjAiLFsibG9hZE9yZGVyIl09Mixwcm9wVD17fSxbInN0YWNrRGVwdGgiXT0wLFsic3RhdHVzIl09ImFjdGl2ZSIsWyJ1c2VyTmFtZSJdPSJwc2MuYWxsb2NhdGlvbnMudXNlciIsfSx9LG1wYXRoQT17Ii9ldGMvc2NsL21vZHVsZWZpbGVzIiwiL29wdC9tb2R1bGVmaWxlcy9wcm9kdWN0aW9uIiwiL29wdC9tb2R1bGVmaWxlcy9wcmVwcm9kdWN0aW9uIiwiL29wdC9tb2R1bGVmaWxlcy9kZXByZWNhdGVkIiwiL3Vzci9zaGFyZS9tb2R1bGVmaWxlcyIsIi91c3Ivc2hhcmUvbW9kdWxlZmlsZXMvTGludXgiLCIvdXNyL3NoYXJlL21vZHVsZWZpbGVzL0NvcmUiLCIvdXNyL3NoYXJlL2xtb2QvbG1vZC9tb2R1bGVmaWxlcy9D;' export '_ModuleTable003_;' '_ModuleTable004_=b3JlIix9LFsic3lzdGVtQmFzZU1QQVRIIl09Ii9ldGMvc2NsL21vZHVsZWZpbGVzOi9vcHQvbW9kdWxlZmlsZXMvcHJvZHVjdGlvbjovb3B0L21vZHVsZWZpbGVzL3ByZXByb2R1Y3Rpb246L29wdC9tb2R1bGVmaWxlcy9kZXByZWNhdGVkOi91c3Ivc2hhcmUvbW9kdWxlZmlsZXM6L3Vzci9zaGFyZS9tb2R1bGVmaWxlcy9MaW51eDovdXNyL3NoYXJlL21vZHVsZWZpbGVzL0NvcmU6L3Vzci9zaGFyZS9sbW9kL2xtb2QvbW9kdWxlZmlsZXMvQ29yZSIsfQ==;' export '_ModuleTable004_;' '_ModuleTable_Sz_=4;' export '_ModuleTable_Sz_;'
++ CC=gcc
++ export CC
++ __LMOD_REF_COUNT_CMAKE_PREFIX_PATH=/opt/packages/gcc/v13.2.1-p20240113/b1gpu:1
++ export __LMOD_REF_COUNT_CMAKE_PREFIX_PATH
++ CMAKE_PREFIX_PATH=/opt/packages/gcc/v13.2.1-p20240113/b1gpu
++ export CMAKE_PREFIX_PATH
++ __LMOD_REF_COUNT_CPATH='/opt/packages/gcc/v13.2.1-p20240113/b1gpu/include:1;/opt/packages/cuda/v12.4.0/include:1'
++ export __LMOD_REF_COUNT_CPATH
++ CPATH=/opt/packages/gcc/v13.2.1-p20240113/b1gpu/include:/opt/packages/cuda/v12.4.0/include
++ export CPATH
++ CXX=g++
++ export CXX
++ __LMOD_Priority_EMACSLOADPATH=' :100'
++ export __LMOD_Priority_EMACSLOADPATH
++ __LMOD_REF_COUNT_EMACSLOADPATH=/opt/packages/gcc/v13.2.1-p20240113/b1gpu/share/emacs/site-lisp:1
++ export __LMOD_REF_COUNT_EMACSLOADPATH
++ EMACSLOADPATH=/opt/packages/gcc/v13.2.1-p20240113/b1gpu/share/emacs/site-lisp::
++ export EMACSLOADPATH
++ F77=gfortran
++ export F77
++ FC=gfortran
++ export FC
++ __LMOD_REF_COUNT_INCLUDE='/opt/packages/gcc/v13.2.1-p20240113/b1gpu/include:1;/opt/packages/cuda/v12.4.0/include:1'
++ export __LMOD_REF_COUNT_INCLUDE
++ INCLUDE=/opt/packages/gcc/v13.2.1-p20240113/b1gpu/include:/opt/packages/cuda/v12.4.0/include
++ export INCLUDE
++ __LMOD_REF_COUNT_INFOPATH=/opt/packages/gcc/v13.2.1-p20240113/b1gpu/share/info:1
++ export __LMOD_REF_COUNT_INFOPATH
++ INFOPATH=/opt/packages/gcc/v13.2.1-p20240113/b1gpu/share/info
++ export INFOPATH
++ __LMOD_REF_COUNT_LD_LIBRARY_PATH='/opt/packages/gcc/v13.2.1-p20240113/b1gpu/lib64:1;/opt/packages/cuda/v12.4.0/lib64:1;/opt/packages/cuda/v12.4.0/nvvm/lib64:1;/opt/packages/cuda/v12.4.0/extras/CUPTI/lib64:1'
++ export __LMOD_REF_COUNT_LD_LIBRARY_PATH
++ LD_LIBRARY_PATH=/opt/packages/gcc/v13.2.1-p20240113/b1gpu/lib64:/opt/packages/cuda/v12.4.0/lib64:/opt/packages/cuda/v12.4.0/nvvm/lib64:/opt/packages/cuda/v12.4.0/extras/CUPTI/lib64
++ export LD_LIBRARY_PATH
++ __LMOD_REF_COUNT_LIBRARY_PATH='/opt/packages/gcc/v13.2.1-p20240113/b1gpu/lib64:1;/opt/packages/cuda/v12.4.0/lib64:1;/opt/packages/cuda/v12.4.0/nvvm/lib64:1;/opt/packages/cuda/v12.4.0/extras/CUPTI/lib64:1'
++ export __LMOD_REF_COUNT_LIBRARY_PATH
++ LIBRARY_PATH=/opt/packages/gcc/v13.2.1-p20240113/b1gpu/lib64:/opt/packages/cuda/v12.4.0/lib64:/opt/packages/cuda/v12.4.0/nvvm/lib64:/opt/packages/cuda/v12.4.0/extras/CUPTI/lib64
++ export LIBRARY_PATH
++ __LMOD_REF_COUNT_LOADEDMODULES='allocations/1.0:1;psc.allocations.user/1.0:1;cuda/12.4.0:1;gcc/13.2.1-p20240113:1'
++ export __LMOD_REF_COUNT_LOADEDMODULES
++ LOADEDMODULES=allocations/1.0:psc.allocations.user/1.0:cuda/12.4.0:gcc/13.2.1-p20240113
++ export LOADEDMODULES
++ __LMOD_REF_COUNT_LOCPATH=/opt/packages/gcc/v13.2.1-p20240113/b1gpu/share/locale:1
++ export __LMOD_REF_COUNT_LOCPATH
++ LOCPATH=/opt/packages/gcc/v13.2.1-p20240113/b1gpu/share/locale
++ export LOCPATH
++ __LMOD_REF_COUNT_MANPATH='/opt/packages/gcc/v13.2.1-p20240113/b1gpu/share/man:1;/opt/packages/cuda/v12.4.0/gds/man:1;/usr/share/lmod/lmod/share/man:1;/opt/puppetlabs/puppet/share/man:1'
++ export __LMOD_REF_COUNT_MANPATH
++ MANPATH=/opt/packages/gcc/v13.2.1-p20240113/b1gpu/share/man:/opt/packages/cuda/v12.4.0/gds/man:/usr/share/lmod/lmod/share/man::/opt/puppetlabs/puppet/share/man
++ export MANPATH
++ MODULEPATH=/etc/scl/modulefiles:/opt/modulefiles/production:/opt/modulefiles/preproduction:/opt/modulefiles/deprecated:/usr/share/modulefiles:/usr/share/modulefiles/Linux:/usr/share/modulefiles/Core:/usr/share/lmod/lmod/modulefiles/Core
++ export MODULEPATH
++ __LMOD_REF_COUNT_PATH='/opt/packages/gcc/v13.2.1-p20240113/b1gpu/bin:1;/opt/packages/cuda/v12.4.0/bin:1;/opt/packages/cuda/v12.4.0/libnvvp:1;/jet/home/byler/miniconda3/bin:1;/jet/home/byler/miniconda3/condabin:1;/jet/home/byler/.local/bin:1;/jet/home/byler/bin:1;/opt/packages/psc.allocations.user/bin:1;/opt/packages/allocations/bin:1;/usr/local/bin:1;/usr/bin:1;/usr/local/sbin:1;/usr/sbin:1;/opt/packages/interact/bin:1;/opt/puppetlabs/bin:1'
++ export __LMOD_REF_COUNT_PATH
++ PATH=/opt/packages/gcc/v13.2.1-p20240113/b1gpu/bin:/opt/packages/cuda/v12.4.0/bin:/opt/packages/cuda/v12.4.0/libnvvp:/jet/home/byler/miniconda3/bin:/jet/home/byler/miniconda3/condabin:/jet/home/byler/.local/bin:/jet/home/byler/bin:/opt/packages/psc.allocations.user/bin:/opt/packages/allocations/bin:/usr/local/bin:/usr/bin:/usr/local/sbin:/usr/sbin:/opt/packages/interact/bin:/opt/puppetlabs/bin
++ export PATH
++ __LMOD_REF_COUNT_PKG_CONFIG_PATH='/opt/packages/gcc/v13.2.1-p20240113/b1gpu/lib64/pkgconfig:1;/opt/packages/cuda/v12.4.0/lib64/pkgconfig:1'
++ export __LMOD_REF_COUNT_PKG_CONFIG_PATH
++ PKG_CONFIG_PATH=/opt/packages/gcc/v13.2.1-p20240113/b1gpu/lib64/pkgconfig:/opt/packages/cuda/v12.4.0/lib64/pkgconfig
++ export PKG_CONFIG_PATH
++ __LMOD_REF_COUNT_PYTHONPATH=/opt/packages/gcc/v13.2.1-p20240113/b1gpu/share/gcc-13.2.1/python:1
++ export __LMOD_REF_COUNT_PYTHONPATH
++ PYTHONPATH=/opt/packages/gcc/v13.2.1-p20240113/b1gpu/share/gcc-13.2.1/python
++ export PYTHONPATH
++ __LMOD_REF_COUNT__LMFILES_='/opt/modulefiles/production/allocations/1.0.lua:1;/opt/modulefiles/production/psc.allocations.user/1.0.lua:1;/opt/modulefiles/production/cuda/12.4.0.lua:1;/opt/modulefiles/production/gcc/13.2.1-p20240113.lua:1'
++ export __LMOD_REF_COUNT__LMFILES_
++ _LMFILES_=/opt/modulefiles/production/allocations/1.0.lua:/opt/modulefiles/production/psc.allocations.user/1.0.lua:/opt/modulefiles/production/cuda/12.4.0.lua:/opt/modulefiles/production/gcc/13.2.1-p20240113.lua
++ export _LMFILES_
++ _ModuleTable001_=X01vZHVsZVRhYmxlXz17WyJNVHZlcnNpb24iXT0zLFsiY19yZWJ1aWxkVGltZSJdPWZhbHNlLFsiY19zaG9ydFRpbWUiXT1mYWxzZSxkZXB0aFQ9e30sZmFtaWx5PXt9LG1UPXthbGxvY2F0aW9ucz17WyJmbiJdPSIvb3B0L21vZHVsZWZpbGVzL3Byb2R1Y3Rpb24vYWxsb2NhdGlvbnMvMS4wLmx1YSIsWyJmdWxsTmFtZSJdPSJhbGxvY2F0aW9ucy8xLjAiLFsibG9hZE9yZGVyIl09MSxwcm9wVD17fSxbInN0YWNrRGVwdGgiXT0wLFsic3RhdHVzIl09ImFjdGl2ZSIsWyJ1c2VyTmFtZSJdPSJhbGxvY2F0aW9ucyIsfSxjdWRhPXtbImZuIl09Ii9vcHQvbW9kdWxlZmlsZXMvcHJvZHVjdGlvbi9jdWRhLzEyLjQuMC5sdWEiLFsiZnVsbE5hbWUiXT0iY3VkYS8xMi40LjAiLFsibG9h
++ export _ModuleTable001_
++ _ModuleTable002_=ZE9yZGVyIl09Myxwcm9wVD17fSxbInN0YWNrRGVwdGgiXT0wLFsic3RhdHVzIl09ImFjdGl2ZSIsWyJ1c2VyTmFtZSJdPSJjdWRhLzEyLjQuMCIsfSxnY2M9e1siZm4iXT0iL29wdC9tb2R1bGVmaWxlcy9wcm9kdWN0aW9uL2djYy8xMy4yLjEtcDIwMjQwMTEzLmx1YSIsWyJmdWxsTmFtZSJdPSJnY2MvMTMuMi4xLXAyMDI0MDExMyIsWyJsb2FkT3JkZXIiXT00LHByb3BUPXt9LFsic3RhY2tEZXB0aCJdPTAsWyJzdGF0dXMiXT0iYWN0aXZlIixbInVzZXJOYW1lIl09ImdjYy8xMy4yLjEtcDIwMjQwMTEzIix9LFsicHNjLmFsbG9jYXRpb25zLnVzZXIiXT17WyJmbiJdPSIvb3B0L21vZHVsZWZpbGVzL3Byb2R1Y3Rpb24vcHNjLmFsbG9jYXRpb25zLnVzZXIvMS4wLmx1YSIsWyJm
++ export _ModuleTable002_
++ _ModuleTable003_=dWxsTmFtZSJdPSJwc2MuYWxsb2NhdGlvbnMudXNlci8xLjAiLFsibG9hZE9yZGVyIl09Mixwcm9wVD17fSxbInN0YWNrRGVwdGgiXT0wLFsic3RhdHVzIl09ImFjdGl2ZSIsWyJ1c2VyTmFtZSJdPSJwc2MuYWxsb2NhdGlvbnMudXNlciIsfSx9LG1wYXRoQT17Ii9ldGMvc2NsL21vZHVsZWZpbGVzIiwiL29wdC9tb2R1bGVmaWxlcy9wcm9kdWN0aW9uIiwiL29wdC9tb2R1bGVmaWxlcy9wcmVwcm9kdWN0aW9uIiwiL29wdC9tb2R1bGVmaWxlcy9kZXByZWNhdGVkIiwiL3Vzci9zaGFyZS9tb2R1bGVmaWxlcyIsIi91c3Ivc2hhcmUvbW9kdWxlZmlsZXMvTGludXgiLCIvdXNyL3NoYXJlL21vZHVsZWZpbGVzL0NvcmUiLCIvdXNyL3NoYXJlL2xtb2QvbG1vZC9tb2R1bGVmaWxlcy9D
++ export _ModuleTable003_
++ _ModuleTable004_=b3JlIix9LFsic3lzdGVtQmFzZU1QQVRIIl09Ii9ldGMvc2NsL21vZHVsZWZpbGVzOi9vcHQvbW9kdWxlZmlsZXMvcHJvZHVjdGlvbjovb3B0L21vZHVsZWZpbGVzL3ByZXByb2R1Y3Rpb246L29wdC9tb2R1bGVmaWxlcy9kZXByZWNhdGVkOi91c3Ivc2hhcmUvbW9kdWxlZmlsZXM6L3Vzci9zaGFyZS9tb2R1bGVmaWxlcy9MaW51eDovdXNyL3NoYXJlL21vZHVsZWZpbGVzL0NvcmU6L3Vzci9zaGFyZS9sbW9kL2xtb2QvbW9kdWxlZmlsZXMvQ29yZSIsfQ==
++ export _ModuleTable004_
++ _ModuleTable_Sz_=4
++ export _ModuleTable_Sz_
++ : -s sh
+ eval
+ ret=0
+ /usr/share/lmod/8.2.7/libexec/log_modules load gcc/13.2.1-p20240113
+ return 0
+ echo 'Generating segmentations...'
+ conda run -n sam python segment.py --start 800 --end 900
+ local cmd=run
+ case "$cmd" in
+ __conda_exe run -n sam python segment.py --start 800 --end 900
+ '[' -n '' ']'
+ /jet/home/byler/miniconda3/bin/conda run -n sam python segment.py --start 800 --end 900
slurmstepd: error: *** JOB 33416555 ON v033 CANCELLED AT 2025-07-10T04:38:56 DUE TO TIME LIMIT ***
slurmstepd: error: *** JOB 33416560 ON v028 CANCELLED AT 2025-07-10T09:34:03 DUE TO TIME LIMIT ***
slurmstepd: error: *** JOB 33416568 ON v030 CANCELLED AT 2025-07-10T09:37:37 DUE TO TIME LIMIT ***
slurmstepd: error: *** JOB 33416573 ON v028 CANCELLED AT 2025-07-10T09:41:41 DUE TO TIME LIMIT ***
slurmstepd: error: *** JOB 33416590 ON v028 CANCELLED AT 2025-07-10T09:45:47 DUE TO TIME LIMIT ***
slurmstepd: error: *** JOB 33416577 ON v031 CANCELLED AT 2025-07-10T09:45:47 DUE TO TIME LIMIT ***
slurmstepd: error: *** JOB 33416581 ON v027 CANCELLED AT 2025-07-10T09:45:47 DUE TO TIME LIMIT ***
slurmstepd: error: *** JOB 33416585 ON v028 CANCELLED AT 2025-07-10T09:45:47 DUE TO TIME LIMIT ***
slurmstepd: error: *** JOB 33416598 ON v031 CANCELLED AT 2025-07-10T09:49:52 DUE TO TIME LIMIT ***
slurmstepd: error: *** JOB 33416594 ON v027 CANCELLED AT 2025-07-10T09:49:52 DUE TO TIME LIMIT ***
